fenix.geolynx.com.ar:443 65.154.226.165 - - [29/Nov/2020:01:49:09 +0000] "GET /static/media/roboto-latin-500.020c97dc.woff2 HTTP/1.1" 200 16178 "https://198.199.75.218/static/css/2.863b9e4d.chunk.css" "Mozilla/5.0 (Windows NT 10.0; Win64; x64) AppleWebKit/537.36 (KHTML, like Gecko) Chrome/76.0.3809.71 Safari/537.36"
fenix.geolynx.com.ar:443 65.154.226.165 - - [29/Nov/2020:01:49:09 +0000] "GET /logo.png HTTP/1.1" 200 9288 "https://198.199.75.218/" "Mozilla/5.0 (Windows NT 10.0; Win64; x64) AppleWebKit/537.36 (KHTML, like Gecko) Chrome/76.0.3809.71 Safari/537.36"
fenix.geolynx.com.ar:443 65.154.226.165 - - [29/Nov/2020:01:49:09 +0000] "GET /precache-manifest.03bf36a8aca916ceacfa0eee01ac4dee.js HTTP/1.1" 200 1381 "https://198.199.75.218/service-worker.js" "Mozilla/5.0 (X11; Linux x86_64) AppleWebKit/537.36 (KHTML, like Gecko) HeadlessChrome/76.0.3809.100 Safari/537.36"
fenix.geolynx.com.ar:443 65.154.226.165 - - [29/Nov/2020:01:49:09 +0000] "GET /images/icon/4x4_blue.png HTTP/1.1" 200 1513 "https://fenix.geolynx.com.ar/" "Mozilla/5.0 (Windows NT 10.0; Win64; x64) AppleWebKit/537.36 (KHTML, like Gecko) Chrome/76.0.3809.71 Safari/537.36"
fenix.geolynx.com.ar:443 65.154.226.165 - - [29/Nov/2020:01:49:09 +0000] "GET /images/icon/bomb_blue.png HTTP/1.1" 200 1429 "https://fenix.geolynx.com.ar/" "Mozilla/5.0 (Windows NT 10.0; Win64; x64) AppleWebKit/537.36 (KHTML, like Gecko) Chrome/76.0.3809.71 Safari/537.36"
fenix.geolynx.com.ar:443 65.154.226.165 - - [29/Nov/2020:01:49:09 +0000] "GET /images/icon/moto_blue.png HTTP/1.1" 200 1662 "https://fenix.geolynx.com.ar/" "Mozilla/5.0 (Windows NT 10.0; Win64; x64) AppleWebKit/537.36 (KHTML, like Gecko) Chrome/76.0.3809.71 Safari/537.36"
fenix.geolynx.com.ar:443 205.169.39.4 - - [29/Nov/2020:01:49:08 +0000] "GET /static/js/2.bd776f9a.chunk.js HTTP/1.1" 200 563715 "https://fenix.geolynx.com.ar/" "Mozilla/5.0 (Linux; Android 7.0; SM-G930V Build/NRD90M) AppleWebKit/537.36 (KHTML, like Gecko) Chrome/59.0.3071.125 Mobile Safari/537.36"
fenix.geolynx.com.ar:443 65.154.226.165 - - [29/Nov/2020:01:49:09 +0000] "GET /images/icon/plane_blue.png HTTP/1.1" 200 1663 "https://fenix.geolynx.com.ar/" "Mozilla/5.0 (Windows NT 10.0; Win64; x64) AppleWebKit/537.36 (KHTML, like Gecko) Chrome/76.0.3809.71 Safari/537.36"
fenix.geolynx.com.ar:443 65.154.226.165 - - [29/Nov/2020:01:49:09 +0000] "GET /index.html?__WB_REVISION__=26c350fa5942b8aeed0b1e05599ba09e HTTP/1.1" 200 1842 "https://198.199.75.218/service-worker.js" "Mozilla/5.0 (X11; Linux x86_64) AppleWebKit/537.36 (KHTML, like Gecko) HeadlessChrome/76.0.3809.100 Safari/537.36"
fenix.geolynx.com.ar:443 65.154.226.165 - - [29/Nov/2020:01:49:09 +0000] "GET /images/icon/truck_blue.png HTTP/1.1" 200 1651 "https://fenix.geolynx.com.ar/" "Mozilla/5.0 (Windows NT 10.0; Win64; x64) AppleWebKit/537.36 (KHTML, like Gecko) Chrome/76.0.3809.71 Safari/537.36"
fenix.geolynx.com.ar:443 65.154.226.165 - - [29/Nov/2020:01:49:09 +0000] "GET /static/css/2.863b9e4d.chunk.css?__WB_REVISION__=f277383f4800d88951e4 HTTP/1.1" 200 7654 "https://198.199.75.218/service-worker.js" "Mozilla/5.0 (X11; Linux x86_64) AppleWebKit/537.36 (KHTML, like Gecko) HeadlessChrome/76.0.3809.100 Safari/537.36"
fenix.geolynx.com.ar:443 65.154.226.165 - - [29/Nov/2020:01:49:09 +0000] "GET /static/css/main.44efc054.chunk.css?__WB_REVISION__=adee3c431e6bc3360756 HTTP/1.1" 200 1347 "https://198.199.75.218/service-worker.js" "Mozilla/5.0 (X11; Linux x86_64) AppleWebKit/537.36 (KHTML, like Gecko) HeadlessChrome/76.0.3809.100 Safari/537.36"
fenix.geolynx.com.ar:443 65.154.226.165 - - [29/Nov/2020:01:49:09 +0000] "GET /static/js/2.bd776f9a.chunk.js.LICENSE.txt?__WB_REVISION__=e29f8bb45514da0d96d5bccbfa1c3c36 HTTP/1.1" 200 1495 "https://198.199.75.218/service-worker.js" "Mozilla/5.0 (X11; Linux x86_64) AppleWebKit/537.36 (KHTML, like Gecko) HeadlessChrome/76.0.3809.100 Safari/537.36"
fenix.geolynx.com.ar:443 65.154.226.165 - - [29/Nov/2020:01:49:09 +0000] "GET /index.html?__WB_REVISION__=26c350fa5942b8aeed0b1e05599ba09e HTTP/1.1" 200 1842 "https://fenix.geolynx.com.ar/service-worker.js" "Mozilla/5.0 (X11; Linux x86_64) AppleWebKit/537.36 (KHTML, like Gecko) HeadlessChrome/76.0.3809.100 Safari/537.36"
fenix.geolynx.com.ar:443 205.169.39.54 - - [29/Nov/2020:01:49:08 +0000] "GET /static/js/2.bd776f9a.chunk.js HTTP/1.1" 200 563715 "https://fenix.geolynx.com.ar/" "Mozilla/5.0 (iPhone; CPU iPhone OS 10_3_1 like Mac OS X) AppleWebKit/603.1.30 (KHTML, like Gecko) Version/10.0 Mobile/14E304 Safari/602.1"
fenix.geolynx.com.ar:443 65.154.226.165 - - [29/Nov/2020:01:49:09 +0000] "GET /static/css/2.863b9e4d.chunk.css?__WB_REVISION__=f277383f4800d88951e4 HTTP/1.1" 200 7654 "https://fenix.geolynx.com.ar/service-worker.js" "Mozilla/5.0 (X11; Linux x86_64) AppleWebKit/537.36 (KHTML, like Gecko) HeadlessChrome/76.0.3809.100 Safari/537.36"
fenix.geolynx.com.ar:443 65.154.226.165 - - [29/Nov/2020:01:49:09 +0000] "GET /static/css/main.44efc054.chunk.css?__WB_REVISION__=adee3c431e6bc3360756 HTTP/1.1" 200 1347 "https://fenix.geolynx.com.ar/service-worker.js" "Mozilla/5.0 (X11; Linux x86_64) AppleWebKit/537.36 (KHTML, like Gecko) HeadlessChrome/76.0.3809.100 Safari/537.36"
fenix.geolynx.com.ar:443 65.154.226.165 - - [29/Nov/2020:01:49:09 +0000] "GET /static/js/runtime-main.dcdf5778.js?__WB_REVISION__=fda38151022a64b31c71 HTTP/1.1" 200 1144 "https://198.199.75.218/service-worker.js" "Mozilla/5.0 (X11; Linux x86_64) AppleWebKit/537.36 (KHTML, like Gecko) HeadlessChrome/76.0.3809.100 Safari/537.36"
fenix.geolynx.com.ar:443 65.154.226.165 - - [29/Nov/2020:01:49:09 +0000] "GET /static/media/roboto-latin-100.5cb7edfc.woff?__WB_REVISION__=5cb7edfceb233100075dc9a1e12e8da3 HTTP/1.1" 200 20733 "https://198.199.75.218/service-worker.js" "Mozilla/5.0 (X11; Linux x86_64) AppleWebKit/537.36 (KHTML, like Gecko) HeadlessChrome/76.0.3809.100 Safari/537.36"
fenix.geolynx.com.ar:443 65.154.226.165 - - [29/Nov/2020:01:49:09 +0000] "GET /static/media/roboto-latin-100.7370c367.woff2?__WB_REVISION__=7370c3679472e9560965ff48a4399d0b HTTP/1.1" 200 16114 "https://198.199.75.218/service-worker.js" "Mozilla/5.0 (X11; Linux x86_64) AppleWebKit/537.36 (KHTML, like Gecko) HeadlessChrome/76.0.3809.100 Safari/537.36"
fenix.geolynx.com.ar:443 65.154.226.165 - - [29/Nov/2020:01:49:09 +0000] "GET /static/js/2.bd776f9a.chunk.js.LICENSE.txt?__WB_REVISION__=e29f8bb45514da0d96d5bccbfa1c3c36 HTTP/1.1" 200 1495 "https://fenix.geolynx.com.ar/service-worker.js" "Mozilla/5.0 (X11; Linux x86_64) AppleWebKit/537.36 (KHTML, like Gecko) HeadlessChrome/76.0.3809.100 Safari/537.36"
fenix.geolynx.com.ar:443 65.154.226.165 - - [29/Nov/2020:01:49:09 +0000] "GET /static/media/roboto-latin-100italic.f8b1df51.woff2?__WB_REVISION__=f8b1df51ba843179fa1cc9b53d58127a HTTP/1.1" 200 17336 "https://198.199.75.218/service-worker.js" "Mozilla/5.0 (X11; Linux x86_64) AppleWebKit/537.36 (KHTML, like Gecko) HeadlessChrome/76.0.3809.100 Safari/537.36"
fenix.geolynx.com.ar:443 65.154.226.165 - - [29/Nov/2020:01:49:09 +0000] "GET /static/media/roboto-latin-100italic.f9e8e590.woff?__WB_REVISION__=f9e8e590b4e0f1ff83469bb2a55b8488 HTTP/1.1" 200 22069 "https://198.199.75.218/service-worker.js" "Mozilla/5.0 (X11; Linux x86_64) AppleWebKit/537.36 (KHTML, like Gecko) HeadlessChrome/76.0.3809.100 Safari/537.36"
fenix.geolynx.com.ar:443 65.154.226.165 - - [29/Nov/2020:01:49:09 +0000] "GET /static/js/runtime-main.dcdf5778.js?__WB_REVISION__=fda38151022a64b31c71 HTTP/1.1" 200 1144 "https://fenix.geolynx.com.ar/service-worker.js" "Mozilla/5.0 (X11; Linux x86_64) AppleWebKit/537.36 (KHTML, like Gecko) HeadlessChrome/76.0.3809.100 Safari/537.36"
fenix.geolynx.com.ar:443 65.154.226.165 - - [29/Nov/2020:01:49:09 +0000] "GET /static/media/roboto-latin-300.b00849e0.woff?__WB_REVISION__=b00849e00f4c2331cddd8ffb44a6720b HTTP/1.1" 200 20713 "https://198.199.75.218/service-worker.js" "Mozilla/5.0 (X11; Linux x86_64) AppleWebKit/537.36 (KHTML, like Gecko) HeadlessChrome/76.0.3809.100 Safari/537.36"
fenix.geolynx.com.ar:443 65.154.226.165 - - [29/Nov/2020:01:49:09 +0000] "GET /static/media/roboto-latin-300.ef7c6637.woff2?__WB_REVISION__=ef7c6637c68f269a882e73bcb57a7f6a HTTP/1.1" 200 16090 "https://198.199.75.218/service-worker.js" "Mozilla/5.0 (X11; Linux x86_64) AppleWebKit/537.36 (KHTML, like Gecko) HeadlessChrome/76.0.3809.100 Safari/537.36"
fenix.geolynx.com.ar:443 65.154.226.165 - - [29/Nov/2020:01:49:09 +0000] "GET /static/media/roboto-latin-300italic.14286f3b.woff2?__WB_REVISION__=14286f3ba79c6627433572dfa925202e HTTP/1.1" 200 17776 "https://198.199.75.218/service-worker.js" "Mozilla/5.0 (X11; Linux x86_64) AppleWebKit/537.36 (KHTML, like Gecko) HeadlessChrome/76.0.3809.100 Safari/537.36"
fenix.geolynx.com.ar:443 65.154.226.165 - - [29/Nov/2020:01:49:09 +0000] "GET /static/media/roboto-latin-100.5cb7edfc.woff?__WB_REVISION__=5cb7edfceb233100075dc9a1e12e8da3 HTTP/1.1" 200 20733 "https://fenix.geolynx.com.ar/service-worker.js" "Mozilla/5.0 (X11; Linux x86_64) AppleWebKit/537.36 (KHTML, like Gecko) HeadlessChrome/76.0.3809.100 Safari/537.36"
fenix.geolynx.com.ar:443 65.154.226.165 - - [29/Nov/2020:01:49:10 +0000] "GET /static/media/roboto-latin-300italic.4df32891.woff?__WB_REVISION__=4df32891a5f2f98a363314f595482e08 HTTP/1.1" 200 22569 "https://198.199.75.218/service-worker.js" "Mozilla/5.0 (X11; Linux x86_64) AppleWebKit/537.36 (KHTML, like Gecko) HeadlessChrome/76.0.3809.100 Safari/537.36"
fenix.geolynx.com.ar:443 65.154.226.165 - - [29/Nov/2020:01:49:10 +0000] "GET /static/media/roboto-latin-400.479970ff.woff2?__WB_REVISION__=479970ffb74f2117317f9d24d9e317fe HTTP/1.1" 200 16042 "https://198.199.75.218/service-worker.js" "Mozilla/5.0 (X11; Linux x86_64) AppleWebKit/537.36 (KHTML, like Gecko) HeadlessChrome/76.0.3809.100 Safari/537.36"
fenix.geolynx.com.ar:443 65.154.226.165 - - [29/Nov/2020:01:49:10 +0000] "GET /static/media/roboto-latin-400.60fa3c06.woff?__WB_REVISION__=60fa3c0614b8fb2f394fa29944c21540 HTTP/1.1" 200 20633 "https://198.199.75.218/service-worker.js" "Mozilla/5.0 (X11; Linux x86_64) AppleWebKit/537.36 (KHTML, like Gecko) HeadlessChrome/76.0.3809.100 Safari/537.36"
fenix.geolynx.com.ar:443 65.154.226.165 - - [29/Nov/2020:01:49:10 +0000] "GET /static/media/roboto-latin-100.7370c367.woff2?__WB_REVISION__=7370c3679472e9560965ff48a4399d0b HTTP/1.1" 200 16114 "https://fenix.geolynx.com.ar/service-worker.js" "Mozilla/5.0 (X11; Linux x86_64) AppleWebKit/537.36 (KHTML, like Gecko) HeadlessChrome/76.0.3809.100 Safari/537.36"
fenix.geolynx.com.ar:443 65.154.226.165 - - [29/Nov/2020:01:49:10 +0000] "GET /static/media/roboto-latin-400italic.51521a2a.woff2?__WB_REVISION__=51521a2a8da71e50d871ac6fd2187e87 HTTP/1.1" 200 17652 "https://198.199.75.218/service-worker.js" "Mozilla/5.0 (X11; Linux x86_64) AppleWebKit/537.36 (KHTML, like Gecko) HeadlessChrome/76.0.3809.100 Safari/537.36"
fenix.geolynx.com.ar:443 65.154.226.165 - - [29/Nov/2020:01:49:10 +0000] "GET /static/media/roboto-latin-400italic.fe65b833.woff?__WB_REVISION__=fe65b8335ee19dd944289f9ed3178c78 HTTP/1.1" 200 22317 "https://198.199.75.218/service-worker.js" "Mozilla/5.0 (X11; Linux x86_64) AppleWebKit/537.36 (KHTML, like Gecko) HeadlessChrome/76.0.3809.100 Safari/537.36"
fenix.geolynx.com.ar:443 65.154.226.165 - - [29/Nov/2020:01:49:10 +0000] "GET /static/media/roboto-latin-500.020c97dc.woff2?__WB_REVISION__=020c97dc8e0463259c2f9df929bb0c69 HTTP/1.1" 200 16178 "https://198.199.75.218/service-worker.js" "Mozilla/5.0 (X11; Linux x86_64) AppleWebKit/537.36 (KHTML, like Gecko) HeadlessChrome/76.0.3809.100 Safari/537.36"
fenix.geolynx.com.ar:443 65.154.226.165 - - [29/Nov/2020:01:49:10 +0000] "GET /static/media/roboto-latin-100italic.f8b1df51.woff2?__WB_REVISION__=f8b1df51ba843179fa1cc9b53d58127a HTTP/1.1" 200 17336 "https://fenix.geolynx.com.ar/service-worker.js" "Mozilla/5.0 (X11; Linux x86_64) AppleWebKit/537.36 (KHTML, like Gecko) HeadlessChrome/76.0.3809.100 Safari/537.36"
fenix.geolynx.com.ar:443 65.154.226.165 - - [29/Nov/2020:01:49:10 +0000] "GET /static/media/roboto-latin-500.87284894.woff?__WB_REVISION__=87284894879f5b1c229cb49c8ff6decc HTTP/1.1" 200 20829 "https://198.199.75.218/service-worker.js" "Mozilla/5.0 (X11; Linux x86_64) AppleWebKit/537.36 (KHTML, like Gecko) HeadlessChrome/76.0.3809.100 Safari/537.36"
fenix.geolynx.com.ar:443 65.154.226.165 - - [29/Nov/2020:01:49:10 +0000] "GET /static/media/roboto-latin-500italic.288ad9c6.woff?__WB_REVISION__=288ad9c6e8b43cf02443a1f499bdf67e HTTP/1.1" 200 22385 "https://198.199.75.218/service-worker.js" "Mozilla/5.0 (X11; Linux x86_64) AppleWebKit/537.36 (KHTML, like Gecko) HeadlessChrome/76.0.3809.100 Safari/537.36"
fenix.geolynx.com.ar:443 65.154.226.165 - - [29/Nov/2020:01:49:10 +0000] "GET /static/media/roboto-latin-500italic.db4a2a23.woff2?__WB_REVISION__=db4a2a231f52e497c0191e8966b0ee58 HTTP/1.1" 200 17644 "https://198.199.75.218/service-worker.js" "Mozilla/5.0 (X11; Linux x86_64) AppleWebKit/537.36 (KHTML, like Gecko) HeadlessChrome/76.0.3809.100 Safari/537.36"
fenix.geolynx.com.ar:443 65.154.226.165 - - [29/Nov/2020:01:49:10 +0000] "GET /static/media/roboto-latin-100italic.f9e8e590.woff?__WB_REVISION__=f9e8e590b4e0f1ff83469bb2a55b8488 HTTP/1.1" 200 22069 "https://fenix.geolynx.com.ar/service-worker.js" "Mozilla/5.0 (X11; Linux x86_64) AppleWebKit/537.36 (KHTML, like Gecko) HeadlessChrome/76.0.3809.100 Safari/537.36"
fenix.geolynx.com.ar:443 65.154.226.165 - - [29/Nov/2020:01:49:10 +0000] "GET /static/media/roboto-latin-700.2735a3a6.woff2?__WB_REVISION__=2735a3a69b509faf3577afd25bdf552e HTTP/1.1" 200 16122 "https://198.199.75.218/service-worker.js" "Mozilla/5.0 (X11; Linux x86_64) AppleWebKit/537.36 (KHTML, like Gecko) HeadlessChrome/76.0.3809.100 Safari/537.36"
fenix.geolynx.com.ar:443 65.154.226.165 - - [29/Nov/2020:01:49:10 +0000] "GET /static/media/roboto-latin-700.adcde98f.woff?__WB_REVISION__=adcde98f1d584de52060ad7b16373da3 HTTP/1.1" 200 20721 "https://198.199.75.218/service-worker.js" "Mozilla/5.0 (X11; Linux x86_64) AppleWebKit/537.36 (KHTML, like Gecko) HeadlessChrome/76.0.3809.100 Safari/537.36"
fenix.geolynx.com.ar:443 65.154.226.165 - - [29/Nov/2020:01:49:10 +0000] "GET /static/media/roboto-latin-700italic.81f57861.woff?__WB_REVISION__=81f57861ed4ac74741f5671e1dff2fd9 HTTP/1.1" 200 21953 "https://198.199.75.218/service-worker.js" "Mozilla/5.0 (X11; Linux x86_64) AppleWebKit/537.36 (KHTML, like Gecko) HeadlessChrome/76.0.3809.100 Safari/537.36"
fenix.geolynx.com.ar:443 65.154.226.165 - - [29/Nov/2020:01:49:10 +0000] "GET /static/media/roboto-latin-300.b00849e0.woff?__WB_REVISION__=b00849e00f4c2331cddd8ffb44a6720b HTTP/1.1" 200 20713 "https://fenix.geolynx.com.ar/service-worker.js" "Mozilla/5.0 (X11; Linux x86_64) AppleWebKit/537.36 (KHTML, like Gecko) HeadlessChrome/76.0.3809.100 Safari/537.36"
fenix.geolynx.com.ar:443 65.154.226.165 - - [29/Nov/2020:01:49:10 +0000] "GET /static/media/roboto-latin-700italic.da0e7178.woff2?__WB_REVISION__=da0e717829e033a69dec97f1e155ae42 HTTP/1.1" 200 17348 "https://198.199.75.218/service-worker.js" "Mozilla/5.0 (X11; Linux x86_64) AppleWebKit/537.36 (KHTML, like Gecko) HeadlessChrome/76.0.3809.100 Safari/537.36"
fenix.geolynx.com.ar:443 65.154.226.165 - - [29/Nov/2020:01:49:10 +0000] "GET /static/media/roboto-latin-900.9b3766ef.woff2?__WB_REVISION__=9b3766ef4a402ad3fdeef7501a456512 HTTP/1.1" 200 16018 "https://198.199.75.218/service-worker.js" "Mozilla/5.0 (X11; Linux x86_64) AppleWebKit/537.36 (KHTML, like Gecko) HeadlessChrome/76.0.3809.100 Safari/537.36"
fenix.geolynx.com.ar:443 65.154.226.165 - - [29/Nov/2020:01:49:10 +0000] "GET /static/media/roboto-latin-900.bb1e4dc6.woff?__WB_REVISION__=bb1e4dc6333675d11ada2e857e7f95d7 HTTP/1.1" 200 20757 "https://198.199.75.218/service-worker.js" "Mozilla/5.0 (X11; Linux x86_64) AppleWebKit/537.36 (KHTML, like Gecko) HeadlessChrome/76.0.3809.100 Safari/537.36"
fenix.geolynx.com.ar:443 65.154.226.165 - - [29/Nov/2020:01:49:10 +0000] "GET /static/media/roboto-latin-300.ef7c6637.woff2?__WB_REVISION__=ef7c6637c68f269a882e73bcb57a7f6a HTTP/1.1" 200 16090 "https://fenix.geolynx.com.ar/service-worker.js" "Mozilla/5.0 (X11; Linux x86_64) AppleWebKit/537.36 (KHTML, like Gecko) HeadlessChrome/76.0.3809.100 Safari/537.36"
fenix.geolynx.com.ar:443 65.154.226.165 - - [29/Nov/2020:01:49:10 +0000] "GET /static/media/roboto-latin-900italic.28f91510.woff?__WB_REVISION__=28f9151055c950874d2c6803a39b425b HTTP/1.1" 200 22669 "https://198.199.75.218/service-worker.js" "Mozilla/5.0 (X11; Linux x86_64) AppleWebKit/537.36 (KHTML, like Gecko) HeadlessChrome/76.0.3809.100 Safari/537.36"
fenix.geolynx.com.ar:443 65.154.226.165 - - [29/Nov/2020:01:49:09 +0000] "GET /static/js/main.c09e1120.chunk.js?__WB_REVISION__=adee3c431e6bc3360756 HTTP/1.1" 200 229781 "https://198.199.75.218/service-worker.js" "Mozilla/5.0 (X11; Linux x86_64) AppleWebKit/537.36 (KHTML, like Gecko) HeadlessChrome/76.0.3809.100 Safari/537.36"
fenix.geolynx.com.ar:443 65.154.226.165 - - [29/Nov/2020:01:49:10 +0000] "GET /static/media/roboto-latin-900italic.ebf6d164.woff2?__WB_REVISION__=ebf6d1640ccddb99fb49f73c052c55a8 HTTP/1.1" 200 17848 "https://198.199.75.218/service-worker.js" "Mozilla/5.0 (X11; Linux x86_64) AppleWebKit/537.36 (KHTML, like Gecko) HeadlessChrome/76.0.3809.100 Safari/537.36"
fenix.geolynx.com.ar:443 65.154.226.165 - - [29/Nov/2020:01:49:10 +0000] "GET /images/icon/4x4_green.png HTTP/1.1" 200 1565 "https://198.199.75.218/" "Mozilla/5.0 (Windows NT 10.0; Win64; x64) AppleWebKit/537.36 (KHTML, like Gecko) Chrome/76.0.3809.71 Safari/537.36"
fenix.geolynx.com.ar:443 65.154.226.165 - - [29/Nov/2020:01:49:10 +0000] "GET /static/media/roboto-latin-300italic.14286f3b.woff2?__WB_REVISION__=14286f3ba79c6627433572dfa925202e HTTP/1.1" 200 21513 "https://fenix.geolynx.com.ar/service-worker.js" "Mozilla/5.0 (X11; Linux x86_64) AppleWebKit/537.36 (KHTML, like Gecko) HeadlessChrome/76.0.3809.100 Safari/537.36"
fenix.geolynx.com.ar:443 65.154.226.165 - - [29/Nov/2020:01:49:10 +0000] "GET /static/media/roboto-latin-300italic.4df32891.woff?__WB_REVISION__=4df32891a5f2f98a363314f595482e08 HTTP/1.1" 200 22569 "https://fenix.geolynx.com.ar/service-worker.js" "Mozilla/5.0 (X11; Linux x86_64) AppleWebKit/537.36 (KHTML, like Gecko) HeadlessChrome/76.0.3809.100 Safari/537.36"
fenix.geolynx.com.ar:443 65.154.226.165 - - [29/Nov/2020:01:49:10 +0000] "GET /images/icon/moto_green.png HTTP/1.1" 200 1698 "https://198.199.75.218/" "Mozilla/5.0 (Windows NT 10.0; Win64; x64) AppleWebKit/537.36 (KHTML, like Gecko) Chrome/76.0.3809.71 Safari/537.36"
fenix.geolynx.com.ar:443 65.154.226.165 - - [29/Nov/2020:01:49:10 +0000] "GET /static/media/roboto-latin-400.479970ff.woff2?__WB_REVISION__=479970ffb74f2117317f9d24d9e317fe HTTP/1.1" 200 19779 "https://fenix.geolynx.com.ar/service-worker.js" "Mozilla/5.0 (X11; Linux x86_64) AppleWebKit/537.36 (KHTML, like Gecko) HeadlessChrome/76.0.3809.100 Safari/537.36"
fenix.geolynx.com.ar:443 65.154.226.165 - - [29/Nov/2020:01:49:10 +0000] "GET /images/icon/bomb_green.png HTTP/1.1" 200 1506 "https://198.199.75.218/" "Mozilla/5.0 (Windows NT 10.0; Win64; x64) AppleWebKit/537.36 (KHTML, like Gecko) Chrome/76.0.3809.71 Safari/537.36"
fenix.geolynx.com.ar:443 65.154.226.165 - - [29/Nov/2020:01:49:10 +0000] "GET /images/icon/truck_green.png HTTP/1.1" 200 1544 "https://198.199.75.218/" "Mozilla/5.0 (Windows NT 10.0; Win64; x64) AppleWebKit/537.36 (KHTML, like Gecko) Chrome/76.0.3809.71 Safari/537.36"
fenix.geolynx.com.ar:443 65.154.226.165 - - [29/Nov/2020:01:49:10 +0000] "GET /images/icon/plane_green.png HTTP/1.1" 200 1749 "https://198.199.75.218/" "Mozilla/5.0 (Windows NT 10.0; Win64; x64) AppleWebKit/537.36 (KHTML, like Gecko) Chrome/76.0.3809.71 Safari/537.36"
fenix.geolynx.com.ar:443 65.154.226.165 - - [29/Nov/2020:01:49:10 +0000] "GET /static/media/roboto-latin-400.60fa3c06.woff?__WB_REVISION__=60fa3c0614b8fb2f394fa29944c21540 HTTP/1.1" 200 20633 "https://fenix.geolynx.com.ar/service-worker.js" "Mozilla/5.0 (X11; Linux x86_64) AppleWebKit/537.36 (KHTML, like Gecko) HeadlessChrome/76.0.3809.100 Safari/537.36"
fenix.geolynx.com.ar:443 65.154.226.165 - - [29/Nov/2020:01:49:09 +0000] "GET /static/js/main.c09e1120.chunk.js?__WB_REVISION__=adee3c431e6bc3360756 HTTP/1.1" 200 229781 "https://fenix.geolynx.com.ar/service-worker.js" "Mozilla/5.0 (X11; Linux x86_64) AppleWebKit/537.36 (KHTML, like Gecko) HeadlessChrome/76.0.3809.100 Safari/537.36"
fenix.geolynx.com.ar:443 65.154.226.165 - - [29/Nov/2020:01:49:10 +0000] "GET /static/media/roboto-latin-400italic.51521a2a.woff2?__WB_REVISION__=51521a2a8da71e50d871ac6fd2187e87 HTTP/1.1" 200 17652 "https://fenix.geolynx.com.ar/service-worker.js" "Mozilla/5.0 (X11; Linux x86_64) AppleWebKit/537.36 (KHTML, like Gecko) HeadlessChrome/76.0.3809.100 Safari/537.36"
fenix.geolynx.com.ar:443 65.154.226.165 - - [29/Nov/2020:01:49:10 +0000] "GET /static/media/roboto-latin-400italic.fe65b833.woff?__WB_REVISION__=fe65b8335ee19dd944289f9ed3178c78 HTTP/1.1" 200 22317 "https://fenix.geolynx.com.ar/service-worker.js" "Mozilla/5.0 (X11; Linux x86_64) AppleWebKit/537.36 (KHTML, like Gecko) HeadlessChrome/76.0.3809.100 Safari/537.36"
fenix.geolynx.com.ar:443 65.154.226.165 - - [29/Nov/2020:01:49:10 +0000] "GET /static/media/roboto-latin-500.020c97dc.woff2?__WB_REVISION__=020c97dc8e0463259c2f9df929bb0c69 HTTP/1.1" 200 16178 "https://fenix.geolynx.com.ar/service-worker.js" "Mozilla/5.0 (X11; Linux x86_64) AppleWebKit/537.36 (KHTML, like Gecko) HeadlessChrome/76.0.3809.100 Safari/537.36"
fenix.geolynx.com.ar:443 205.169.39.4 - - [29/Nov/2020:01:49:09 +0000] "GET /static/js/main.c09e1120.chunk.js HTTP/1.1" 200 229781 "https://fenix.geolynx.com.ar/" "Mozilla/5.0 (Linux; Android 7.0; SM-G930V Build/NRD90M) AppleWebKit/537.36 (KHTML, like Gecko) Chrome/59.0.3071.125 Mobile Safari/537.36"
fenix.geolynx.com.ar:443 65.154.226.165 - - [29/Nov/2020:01:49:10 +0000] "GET /static/media/roboto-latin-500.87284894.woff?__WB_REVISION__=87284894879f5b1c229cb49c8ff6decc HTTP/1.1" 200 20829 "https://fenix.geolynx.com.ar/service-worker.js" "Mozilla/5.0 (X11; Linux x86_64) AppleWebKit/537.36 (KHTML, like Gecko) HeadlessChrome/76.0.3809.100 Safari/537.36"
fenix.geolynx.com.ar:443 65.154.226.165 - - [29/Nov/2020:01:49:09 +0000] "GET /static/js/2.bd776f9a.chunk.js?__WB_REVISION__=f277383f4800d88951e4 HTTP/1.1" 200 563715 "https://198.199.75.218/service-worker.js" "Mozilla/5.0 (X11; Linux x86_64) AppleWebKit/537.36 (KHTML, like Gecko) HeadlessChrome/76.0.3809.100 Safari/537.36"
fenix.geolynx.com.ar:443 65.154.226.165 - - [29/Nov/2020:01:49:10 +0000] "GET /static/media/roboto-latin-500italic.288ad9c6.woff?__WB_REVISION__=288ad9c6e8b43cf02443a1f499bdf67e HTTP/1.1" 200 22385 "https://fenix.geolynx.com.ar/service-worker.js" "Mozilla/5.0 (X11; Linux x86_64) AppleWebKit/537.36 (KHTML, like Gecko) HeadlessChrome/76.0.3809.100 Safari/537.36"
fenix.geolynx.com.ar:443 65.154.226.165 - - [29/Nov/2020:01:49:10 +0000] "GET /static/media/roboto-latin-500italic.db4a2a23.woff2?__WB_REVISION__=db4a2a231f52e497c0191e8966b0ee58 HTTP/1.1" 200 17644 "https://fenix.geolynx.com.ar/service-worker.js" "Mozilla/5.0 (X11; Linux x86_64) AppleWebKit/537.36 (KHTML, like Gecko) HeadlessChrome/76.0.3809.100 Safari/537.36"
fenix.geolynx.com.ar:443 65.154.226.165 - - [29/Nov/2020:01:49:10 +0000] "GET /static/media/roboto-latin-700.2735a3a6.woff2?__WB_REVISION__=2735a3a69b509faf3577afd25bdf552e HTTP/1.1" 200 16122 "https://fenix.geolynx.com.ar/service-worker.js" "Mozilla/5.0 (X11; Linux x86_64) AppleWebKit/537.36 (KHTML, like Gecko) HeadlessChrome/76.0.3809.100 Safari/537.36"
fenix.geolynx.com.ar:443 205.169.39.54 - - [29/Nov/2020:01:49:10 +0000] "GET /static/js/main.c09e1120.chunk.js HTTP/1.1" 200 229781 "https://fenix.geolynx.com.ar/" "Mozilla/5.0 (iPhone; CPU iPhone OS 10_3_1 like Mac OS X) AppleWebKit/603.1.30 (KHTML, like Gecko) Version/10.0 Mobile/14E304 Safari/602.1"
fenix.geolynx.com.ar:443 65.154.226.165 - - [29/Nov/2020:01:49:10 +0000] "GET /static/media/roboto-latin-700.adcde98f.woff?__WB_REVISION__=adcde98f1d584de52060ad7b16373da3 HTTP/1.1" 200 20721 "https://fenix.geolynx.com.ar/service-worker.js" "Mozilla/5.0 (X11; Linux x86_64) AppleWebKit/537.36 (KHTML, like Gecko) HeadlessChrome/76.0.3809.100 Safari/537.36"
fenix.geolynx.com.ar:443 65.154.226.165 - - [29/Nov/2020:01:49:10 +0000] "GET /static/media/roboto-latin-700italic.81f57861.woff?__WB_REVISION__=81f57861ed4ac74741f5671e1dff2fd9 HTTP/1.1" 200 21953 "https://fenix.geolynx.com.ar/service-worker.js" "Mozilla/5.0 (X11; Linux x86_64) AppleWebKit/537.36 (KHTML, like Gecko) HeadlessChrome/76.0.3809.100 Safari/537.36"
fenix.geolynx.com.ar:443 65.154.226.165 - - [29/Nov/2020:01:49:09 +0000] "GET /static/js/2.bd776f9a.chunk.js?__WB_REVISION__=f277383f4800d88951e4 HTTP/1.1" 200 563715 "https://fenix.geolynx.com.ar/service-worker.js" "Mozilla/5.0 (X11; Linux x86_64) AppleWebKit/537.36 (KHTML, like Gecko) HeadlessChrome/76.0.3809.100 Safari/537.36"
fenix.geolynx.com.ar:443 65.154.226.165 - - [29/Nov/2020:01:49:10 +0000] "GET /static/media/roboto-latin-700italic.da0e7178.woff2?__WB_REVISION__=da0e717829e033a69dec97f1e155ae42 HTTP/1.1" 200 17348 "https://fenix.geolynx.com.ar/service-worker.js" "Mozilla/5.0 (X11; Linux x86_64) AppleWebKit/537.36 (KHTML, like Gecko) HeadlessChrome/76.0.3809.100 Safari/537.36"
fenix.geolynx.com.ar:443 65.154.226.165 - - [29/Nov/2020:01:49:10 +0000] "GET /static/media/roboto-latin-900.9b3766ef.woff2?__WB_REVISION__=9b3766ef4a402ad3fdeef7501a456512 HTTP/1.1" 200 16018 "https://fenix.geolynx.com.ar/service-worker.js" "Mozilla/5.0 (X11; Linux x86_64) AppleWebKit/537.36 (KHTML, like Gecko) HeadlessChrome/76.0.3809.100 Safari/537.36"
fenix.geolynx.com.ar:443 65.154.226.165 - - [29/Nov/2020:01:49:10 +0000] "GET /static/media/roboto-latin-900.bb1e4dc6.woff?__WB_REVISION__=bb1e4dc6333675d11ada2e857e7f95d7 HTTP/1.1" 200 20757 "https://fenix.geolynx.com.ar/service-worker.js" "Mozilla/5.0 (X11; Linux x86_64) AppleWebKit/537.36 (KHTML, like Gecko) HeadlessChrome/76.0.3809.100 Safari/537.36"
fenix.geolynx.com.ar:443 65.154.226.165 - - [29/Nov/2020:01:49:10 +0000] "GET /images/icon/4x4_grey.png HTTP/1.1" 200 1544 "https://198.199.75.218/" "Mozilla/5.0 (Windows NT 10.0; Win64; x64) AppleWebKit/537.36 (KHTML, like Gecko) Chrome/76.0.3809.71 Safari/537.36"
fenix.geolynx.com.ar:443 65.154.226.165 - - [29/Nov/2020:01:49:10 +0000] "GET /images/icon/moto_grey.png HTTP/1.1" 200 1613 "https://198.199.75.218/" "Mozilla/5.0 (Windows NT 10.0; Win64; x64) AppleWebKit/537.36 (KHTML, like Gecko) Chrome/76.0.3809.71 Safari/537.36"
fenix.geolynx.com.ar:443 65.154.226.165 - - [29/Nov/2020:01:49:10 +0000] "GET /images/icon/bomb_grey.png HTTP/1.1" 200 1495 "https://198.199.75.218/" "Mozilla/5.0 (Windows NT 10.0; Win64; x64) AppleWebKit/537.36 (KHTML, like Gecko) Chrome/76.0.3809.71 Safari/537.36"
fenix.geolynx.com.ar:443 65.154.226.165 - - [29/Nov/2020:01:49:10 +0000] "GET /static/media/roboto-latin-900italic.28f91510.woff?__WB_REVISION__=28f9151055c950874d2c6803a39b425b HTTP/1.1" 200 22669 "https://fenix.geolynx.com.ar/service-worker.js" "Mozilla/5.0 (X11; Linux x86_64) AppleWebKit/537.36 (KHTML, like Gecko) HeadlessChrome/76.0.3809.100 Safari/537.36"
fenix.geolynx.com.ar:443 65.154.226.165 - - [29/Nov/2020:01:49:10 +0000] "GET /images/icon/plane_grey.png HTTP/1.1" 200 1642 "https://198.199.75.218/" "Mozilla/5.0 (Windows NT 10.0; Win64; x64) AppleWebKit/537.36 (KHTML, like Gecko) Chrome/76.0.3809.71 Safari/537.36"
fenix.geolynx.com.ar:443 65.154.226.165 - - [29/Nov/2020:01:49:10 +0000] "GET /images/icon/truck_grey.png HTTP/1.1" 200 1591 "https://198.199.75.218/" "Mozilla/5.0 (Windows NT 10.0; Win64; x64) AppleWebKit/537.36 (KHTML, like Gecko) Chrome/76.0.3809.71 Safari/537.36"
fenix.geolynx.com.ar:443 65.154.226.165 - - [29/Nov/2020:01:49:10 +0000] "GET /static/media/roboto-latin-900italic.ebf6d164.woff2?__WB_REVISION__=ebf6d1640ccddb99fb49f73c052c55a8 HTTP/1.1" 200 17848 "https://fenix.geolynx.com.ar/service-worker.js" "Mozilla/5.0 (X11; Linux x86_64) AppleWebKit/537.36 (KHTML, like Gecko) HeadlessChrome/76.0.3809.100 Safari/537.36"
fenix.geolynx.com.ar:443 65.154.226.165 - - [29/Nov/2020:01:49:10 +0000] "GET /images/icon/4x4_green.png HTTP/1.1" 200 1565 "https://fenix.geolynx.com.ar/" "Mozilla/5.0 (Windows NT 10.0; Win64; x64) AppleWebKit/537.36 (KHTML, like Gecko) Chrome/76.0.3809.71 Safari/537.36"
fenix.geolynx.com.ar:443 65.154.226.165 - - [29/Nov/2020:01:49:10 +0000] "GET /images/icon/bomb_green.png HTTP/1.1" 200 1506 "https://fenix.geolynx.com.ar/" "Mozilla/5.0 (Windows NT 10.0; Win64; x64) AppleWebKit/537.36 (KHTML, like Gecko) Chrome/76.0.3809.71 Safari/537.36"
fenix.geolynx.com.ar:443 65.154.226.165 - - [29/Nov/2020:01:49:10 +0000] "GET /images/icon/moto_green.png HTTP/1.1" 200 1698 "https://fenix.geolynx.com.ar/" "Mozilla/5.0 (Windows NT 10.0; Win64; x64) AppleWebKit/537.36 (KHTML, like Gecko) Chrome/76.0.3809.71 Safari/537.36"
fenix.geolynx.com.ar:443 65.154.226.165 - - [29/Nov/2020:01:49:10 +0000] "GET /images/icon/plane_green.png HTTP/1.1" 200 1749 "https://fenix.geolynx.com.ar/" "Mozilla/5.0 (Windows NT 10.0; Win64; x64) AppleWebKit/537.36 (KHTML, like Gecko) Chrome/76.0.3809.71 Safari/537.36"
fenix.geolynx.com.ar:443 65.154.226.165 - - [29/Nov/2020:01:49:10 +0000] "GET /images/icon/truck_green.png HTTP/1.1" 200 1544 "https://fenix.geolynx.com.ar/" "Mozilla/5.0 (Windows NT 10.0; Win64; x64) AppleWebKit/537.36 (KHTML, like Gecko) Chrome/76.0.3809.71 Safari/537.36"
fenix.geolynx.com.ar:443 65.154.226.165 - - [29/Nov/2020:01:49:10 +0000] "GET /images/icon/4x4_grey.png HTTP/1.1" 200 1544 "https://fenix.geolynx.com.ar/" "Mozilla/5.0 (Windows NT 10.0; Win64; x64) AppleWebKit/537.36 (KHTML, like Gecko) Chrome/76.0.3809.71 Safari/537.36"
fenix.geolynx.com.ar:443 65.154.226.165 - - [29/Nov/2020:01:49:10 +0000] "GET /images/icon/bomb_grey.png HTTP/1.1" 200 1495 "https://fenix.geolynx.com.ar/" "Mozilla/5.0 (Windows NT 10.0; Win64; x64) AppleWebKit/537.36 (KHTML, like Gecko) Chrome/76.0.3809.71 Safari/537.36"
fenix.geolynx.com.ar:443 65.154.226.165 - - [29/Nov/2020:01:49:10 +0000] "GET /images/icon/moto_grey.png HTTP/1.1" 200 1613 "https://fenix.geolynx.com.ar/" "Mozilla/5.0 (Windows NT 10.0; Win64; x64) AppleWebKit/537.36 (KHTML, like Gecko) Chrome/76.0.3809.71 Safari/537.36"
fenix.geolynx.com.ar:443 65.154.226.165 - - [29/Nov/2020:01:49:10 +0000] "GET /images/icon/plane_grey.png HTTP/1.1" 200 1642 "https://fenix.geolynx.com.ar/" "Mozilla/5.0 (Windows NT 10.0; Win64; x64) AppleWebKit/537.36 (KHTML, like Gecko) Chrome/76.0.3809.71 Safari/537.36"
fenix.geolynx.com.ar:443 65.154.226.165 - - [29/Nov/2020:01:49:10 +0000] "GET /images/icon/truck_grey.png HTTP/1.1" 200 1591 "https://fenix.geolynx.com.ar/" "Mozilla/5.0 (Windows NT 10.0; Win64; x64) AppleWebKit/537.36 (KHTML, like Gecko) Chrome/76.0.3809.71 Safari/537.36"
fenix.geolynx.com.ar:443 65.154.226.165 - - [29/Nov/2020:01:49:10 +0000] "GET /images/icon/4x4_orange.png HTTP/1.1" 200 1507 "https://198.199.75.218/" "Mozilla/5.0 (Windows NT 10.0; Win64; x64) AppleWebKit/537.36 (KHTML, like Gecko) Chrome/76.0.3809.71 Safari/537.36"
fenix.geolynx.com.ar:443 65.154.226.165 - - [29/Nov/2020:01:49:10 +0000] "GET /images/icon/bomb_orange.png HTTP/1.1" 200 1431 "https://198.199.75.218/" "Mozilla/5.0 (Windows NT 10.0; Win64; x64) AppleWebKit/537.36 (KHTML, like Gecko) Chrome/76.0.3809.71 Safari/537.36"
fenix.geolynx.com.ar:443 65.154.226.165 - - [29/Nov/2020:01:49:10 +0000] "GET /images/icon/moto_orange.png HTTP/1.1" 200 1656 "https://198.199.75.218/" "Mozilla/5.0 (Windows NT 10.0; Win64; x64) AppleWebKit/537.36 (KHTML, like Gecko) Chrome/76.0.3809.71 Safari/537.36"
fenix.geolynx.com.ar:443 65.154.226.165 - - [29/Nov/2020:01:49:10 +0000] "GET /images/icon/truck_orange.png HTTP/1.1" 200 1650 "https://198.199.75.218/" "Mozilla/5.0 (Windows NT 10.0; Win64; x64) AppleWebKit/537.36 (KHTML, like Gecko) Chrome/76.0.3809.71 Safari/537.36"
fenix.geolynx.com.ar:443 65.154.226.165 - - [29/Nov/2020:01:49:10 +0000] "GET /images/icon/plane_orange.png HTTP/1.1" 200 1639 "https://198.199.75.218/" "Mozilla/5.0 (Windows NT 10.0; Win64; x64) AppleWebKit/537.36 (KHTML, like Gecko) Chrome/76.0.3809.71 Safari/537.36"
fenix.geolynx.com.ar:443 65.154.226.165 - - [29/Nov/2020:01:49:10 +0000] "GET /images/icon/4x4_orange.png HTTP/1.1" 200 1507 "https://fenix.geolynx.com.ar/" "Mozilla/5.0 (Windows NT 10.0; Win64; x64) AppleWebKit/537.36 (KHTML, like Gecko) Chrome/76.0.3809.71 Safari/537.36"
fenix.geolynx.com.ar:443 65.154.226.165 - - [29/Nov/2020:01:49:10 +0000] "GET /images/icon/bomb_orange.png HTTP/1.1" 200 1431 "https://fenix.geolynx.com.ar/" "Mozilla/5.0 (Windows NT 10.0; Win64; x64) AppleWebKit/537.36 (KHTML, like Gecko) Chrome/76.0.3809.71 Safari/537.36"
fenix.geolynx.com.ar:443 65.154.226.165 - - [29/Nov/2020:01:49:10 +0000] "GET /images/icon/moto_orange.png HTTP/1.1" 200 1656 "https://fenix.geolynx.com.ar/" "Mozilla/5.0 (Windows NT 10.0; Win64; x64) AppleWebKit/537.36 (KHTML, like Gecko) Chrome/76.0.3809.71 Safari/537.36"
fenix.geolynx.com.ar:443 65.154.226.165 - - [29/Nov/2020:01:49:10 +0000] "GET /images/icon/plane_orange.png HTTP/1.1" 200 1639 "https://fenix.geolynx.com.ar/" "Mozilla/5.0 (Windows NT 10.0; Win64; x64) AppleWebKit/537.36 (KHTML, like Gecko) Chrome/76.0.3809.71 Safari/537.36"
fenix.geolynx.com.ar:443 65.154.226.165 - - [29/Nov/2020:01:49:10 +0000] "GET /images/icon/truck_orange.png HTTP/1.1" 200 1650 "https://fenix.geolynx.com.ar/" "Mozilla/5.0 (Windows NT 10.0; Win64; x64) AppleWebKit/537.36 (KHTML, like Gecko) Chrome/76.0.3809.71 Safari/537.36"
fenix.geolynx.com.ar:443 65.154.226.165 - - [29/Nov/2020:01:49:11 +0000] "GET /images/marker_home.png HTTP/1.1" 200 5414 "https://198.199.75.218/" "Mozilla/5.0 (Windows NT 10.0; Win64; x64) AppleWebKit/537.36 (KHTML, like Gecko) Chrome/76.0.3809.71 Safari/537.36"
fenix.geolynx.com.ar:443 65.154.226.165 - - [29/Nov/2020:01:49:11 +0000] "GET /images/marker_home.png HTTP/1.1" 200 5414 "https://fenix.geolynx.com.ar/" "Mozilla/5.0 (Windows NT 10.0; Win64; x64) AppleWebKit/537.36 (KHTML, like Gecko) Chrome/76.0.3809.71 Safari/537.36"
fenix.geolynx.com.ar:443 205.169.39.4 - - [29/Nov/2020:01:49:11 +0000] "GET /static/media/roboto-latin-400.479970ff.woff2 HTTP/1.1" 200 16042 "https://fenix.geolynx.com.ar/static/css/2.863b9e4d.chunk.css" "Mozilla/5.0 (Linux; Android 7.0; SM-G930V Build/NRD90M) AppleWebKit/537.36 (KHTML, like Gecko) Chrome/59.0.3071.125 Mobile Safari/537.36"
fenix.geolynx.com.ar:443 65.154.226.165 - - [29/Nov/2020:01:49:11 +0000] "GET /images/marker.png HTTP/1.1" 200 2839 "https://198.199.75.218/" "Mozilla/5.0 (Windows NT 10.0; Win64; x64) AppleWebKit/537.36 (KHTML, like Gecko) Chrome/76.0.3809.71 Safari/537.36"
fenix.geolynx.com.ar:443 205.169.39.4 - - [29/Nov/2020:01:49:11 +0000] "GET /api/session HTTP/1.1" 404 1163 "https://fenix.geolynx.com.ar/" "Mozilla/5.0 (Linux; Android 7.0; SM-G930V Build/NRD90M) AppleWebKit/537.36 (KHTML, like Gecko) Chrome/59.0.3071.125 Mobile Safari/537.36"
fenix.geolynx.com.ar:443 205.169.39.4 - - [29/Nov/2020:01:49:11 +0000] "GET /api/server HTTP/1.1" 200 1377 "https://fenix.geolynx.com.ar/" "Mozilla/5.0 (Linux; Android 7.0; SM-G930V Build/NRD90M) AppleWebKit/537.36 (KHTML, like Gecko) Chrome/59.0.3071.125 Mobile Safari/537.36"
fenix.geolynx.com.ar:443 205.169.39.54 - - [29/Nov/2020:01:49:11 +0000] "GET /static/media/roboto-latin-400.479970ff.woff2 HTTP/1.1" 200 16042 "https://fenix.geolynx.com.ar/static/css/2.863b9e4d.chunk.css" "Mozilla/5.0 (iPhone; CPU iPhone OS 10_3_1 like Mac OS X) AppleWebKit/603.1.30 (KHTML, like Gecko) Version/10.0 Mobile/14E304 Safari/602.1"
fenix.geolynx.com.ar:443 205.169.39.4 - - [29/Nov/2020:01:49:11 +0000] "GET /images/icon/4x4_blue.png HTTP/1.1" 200 1513 "https://fenix.geolynx.com.ar/" "Mozilla/5.0 (Linux; Android 7.0; SM-G930V Build/NRD90M) AppleWebKit/537.36 (KHTML, like Gecko) Chrome/59.0.3071.125 Mobile Safari/537.36"
fenix.geolynx.com.ar:443 205.169.39.4 - - [29/Nov/2020:01:49:11 +0000] "GET /images/icon/moto_blue.png HTTP/1.1" 200 1662 "https://fenix.geolynx.com.ar/" "Mozilla/5.0 (Linux; Android 7.0; SM-G930V Build/NRD90M) AppleWebKit/537.36 (KHTML, like Gecko) Chrome/59.0.3071.125 Mobile Safari/537.36"
fenix.geolynx.com.ar:443 205.169.39.4 - - [29/Nov/2020:01:49:11 +0000] "GET /images/icon/bomb_blue.png HTTP/1.1" 200 1429 "https://fenix.geolynx.com.ar/" "Mozilla/5.0 (Linux; Android 7.0; SM-G930V Build/NRD90M) AppleWebKit/537.36 (KHTML, like Gecko) Chrome/59.0.3071.125 Mobile Safari/537.36"
fenix.geolynx.com.ar:443 205.169.39.4 - - [29/Nov/2020:01:49:11 +0000] "GET /images/icon/truck_blue.png HTTP/1.1" 200 5388 "https://fenix.geolynx.com.ar/" "Mozilla/5.0 (Linux; Android 7.0; SM-G930V Build/NRD90M) AppleWebKit/537.36 (KHTML, like Gecko) Chrome/59.0.3071.125 Mobile Safari/537.36"
fenix.geolynx.com.ar:443 205.169.39.4 - - [29/Nov/2020:01:49:11 +0000] "GET /images/icon/plane_blue.png HTTP/1.1" 200 5400 "https://fenix.geolynx.com.ar/" "Mozilla/5.0 (Linux; Android 7.0; SM-G930V Build/NRD90M) AppleWebKit/537.36 (KHTML, like Gecko) Chrome/59.0.3071.125 Mobile Safari/537.36"
fenix.geolynx.com.ar:443 65.154.226.165 - - [29/Nov/2020:01:49:11 +0000] "GET /images/marker.png HTTP/1.1" 200 2839 "https://fenix.geolynx.com.ar/" "Mozilla/5.0 (Windows NT 10.0; Win64; x64) AppleWebKit/537.36 (KHTML, like Gecko) Chrome/76.0.3809.71 Safari/537.36"
fenix.geolynx.com.ar:443 205.169.39.54 - - [29/Nov/2020:01:49:11 +0000] "GET /api/server HTTP/1.1" 200 1376 "https://fenix.geolynx.com.ar/" "Mozilla/5.0 (iPhone; CPU iPhone OS 10_3_1 like Mac OS X) AppleWebKit/603.1.30 (KHTML, like Gecko) Version/10.0 Mobile/14E304 Safari/602.1"
fenix.geolynx.com.ar:443 205.169.39.54 - - [29/Nov/2020:01:49:11 +0000] "GET /api/session HTTP/1.1" 404 1163 "https://fenix.geolynx.com.ar/" "Mozilla/5.0 (iPhone; CPU iPhone OS 10_3_1 like Mac OS X) AppleWebKit/603.1.30 (KHTML, like Gecko) Version/10.0 Mobile/14E304 Safari/602.1"
fenix.geolynx.com.ar:443 205.169.39.4 - - [29/Nov/2020:01:49:11 +0000] "GET /static/media/roboto-latin-500.020c97dc.woff2 HTTP/1.1" 200 16178 "https://fenix.geolynx.com.ar/static/css/2.863b9e4d.chunk.css" "Mozilla/5.0 (Linux; Android 7.0; SM-G930V Build/NRD90M) AppleWebKit/537.36 (KHTML, like Gecko) Chrome/59.0.3071.125 Mobile Safari/537.36"
fenix.geolynx.com.ar:443 205.169.39.4 - - [29/Nov/2020:01:49:11 +0000] "GET /service-worker.js HTTP/1.1" 200 1051 "https://fenix.geolynx.com.ar/service-worker.js" "Mozilla/5.0 (X11; Linux x86_64) AppleWebKit/537.36 (KHTML, like Gecko) HeadlessChrome/76.0.3809.100 Safari/537.36"
fenix.geolynx.com.ar:443 205.169.39.4 - - [29/Nov/2020:01:49:11 +0000] "GET /precache-manifest.03bf36a8aca916ceacfa0eee01ac4dee.js HTTP/1.1" 200 1381 "https://fenix.geolynx.com.ar/service-worker.js" "Mozilla/5.0 (X11; Linux x86_64) AppleWebKit/537.36 (KHTML, like Gecko) HeadlessChrome/76.0.3809.100 Safari/537.36"
fenix.geolynx.com.ar:443 205.169.39.4 - - [29/Nov/2020:01:49:11 +0000] "GET /logo.png HTTP/1.1" 200 9288 "https://fenix.geolynx.com.ar/" "Mozilla/5.0 (Linux; Android 7.0; SM-G930V Build/NRD90M) AppleWebKit/537.36 (KHTML, like Gecko) Chrome/59.0.3071.125 Mobile Safari/537.36"
fenix.geolynx.com.ar:443 205.169.39.54 - - [29/Nov/2020:01:49:11 +0000] "GET /service-worker.js HTTP/1.1" 200 1051 "https://fenix.geolynx.com.ar/service-worker.js" "Mozilla/5.0 (X11; Linux x86_64) AppleWebKit/537.36 (KHTML, like Gecko) HeadlessChrome/76.0.3809.100 Safari/537.36"
fenix.geolynx.com.ar:443 205.169.39.4 - - [29/Nov/2020:01:49:11 +0000] "GET /index.html?__WB_REVISION__=26c350fa5942b8aeed0b1e05599ba09e HTTP/1.1" 200 1842 "https://fenix.geolynx.com.ar/service-worker.js" "Mozilla/5.0 (X11; Linux x86_64) AppleWebKit/537.36 (KHTML, like Gecko) HeadlessChrome/76.0.3809.100 Safari/537.36"
fenix.geolynx.com.ar:443 205.169.39.4 - - [29/Nov/2020:01:49:11 +0000] "GET /static/css/main.44efc054.chunk.css?__WB_REVISION__=adee3c431e6bc3360756 HTTP/1.1" 200 1347 "https://fenix.geolynx.com.ar/service-worker.js" "Mozilla/5.0 (X11; Linux x86_64) AppleWebKit/537.36 (KHTML, like Gecko) HeadlessChrome/76.0.3809.100 Safari/537.36"
fenix.geolynx.com.ar:443 205.169.39.4 - - [29/Nov/2020:01:49:11 +0000] "GET /static/css/2.863b9e4d.chunk.css?__WB_REVISION__=f277383f4800d88951e4 HTTP/1.1" 200 7654 "https://fenix.geolynx.com.ar/service-worker.js" "Mozilla/5.0 (X11; Linux x86_64) AppleWebKit/537.36 (KHTML, like Gecko) HeadlessChrome/76.0.3809.100 Safari/537.36"
fenix.geolynx.com.ar:443 205.169.39.4 - - [29/Nov/2020:01:49:11 +0000] "GET /static/js/2.bd776f9a.chunk.js.LICENSE.txt?__WB_REVISION__=e29f8bb45514da0d96d5bccbfa1c3c36 HTTP/1.1" 200 1495 "https://fenix.geolynx.com.ar/service-worker.js" "Mozilla/5.0 (X11; Linux x86_64) AppleWebKit/537.36 (KHTML, like Gecko) HeadlessChrome/76.0.3809.100 Safari/537.36"
fenix.geolynx.com.ar:443 205.169.39.54 - - [29/Nov/2020:01:49:11 +0000] "GET /precache-manifest.03bf36a8aca916ceacfa0eee01ac4dee.js HTTP/1.1" 200 1381 "https://fenix.geolynx.com.ar/service-worker.js" "Mozilla/5.0 (X11; Linux x86_64) AppleWebKit/537.36 (KHTML, like Gecko) HeadlessChrome/76.0.3809.100 Safari/537.36"
fenix.geolynx.com.ar:443 205.169.39.54 - - [29/Nov/2020:01:49:11 +0000] "GET /static/media/roboto-latin-500.020c97dc.woff2 HTTP/1.1" 200 16178 "https://fenix.geolynx.com.ar/static/css/2.863b9e4d.chunk.css" "Mozilla/5.0 (iPhone; CPU iPhone OS 10_3_1 like Mac OS X) AppleWebKit/603.1.30 (KHTML, like Gecko) Version/10.0 Mobile/14E304 Safari/602.1"
fenix.geolynx.com.ar:443 205.169.39.4 - - [29/Nov/2020:01:49:11 +0000] "GET /static/js/runtime-main.dcdf5778.js?__WB_REVISION__=fda38151022a64b31c71 HTTP/1.1" 200 1144 "https://fenix.geolynx.com.ar/service-worker.js" "Mozilla/5.0 (X11; Linux x86_64) AppleWebKit/537.36 (KHTML, like Gecko) HeadlessChrome/76.0.3809.100 Safari/537.36"
fenix.geolynx.com.ar:443 205.169.39.54 - - [29/Nov/2020:01:49:11 +0000] "GET /logo.png HTTP/1.1" 200 9288 "https://fenix.geolynx.com.ar/" "Mozilla/5.0 (iPhone; CPU iPhone OS 10_3_1 like Mac OS X) AppleWebKit/603.1.30 (KHTML, like Gecko) Version/10.0 Mobile/14E304 Safari/602.1"
fenix.geolynx.com.ar:443 205.169.39.4 - - [29/Nov/2020:01:49:11 +0000] "GET /static/media/roboto-latin-100.5cb7edfc.woff?__WB_REVISION__=5cb7edfceb233100075dc9a1e12e8da3 HTTP/1.1" 200 20733 "https://fenix.geolynx.com.ar/service-worker.js" "Mozilla/5.0 (X11; Linux x86_64) AppleWebKit/537.36 (KHTML, like Gecko) HeadlessChrome/76.0.3809.100 Safari/537.36"
fenix.geolynx.com.ar:443 205.169.39.4 - - [29/Nov/2020:01:49:11 +0000] "GET /static/media/roboto-latin-100.7370c367.woff2?__WB_REVISION__=7370c3679472e9560965ff48a4399d0b HTTP/1.1" 200 16114 "https://fenix.geolynx.com.ar/service-worker.js" "Mozilla/5.0 (X11; Linux x86_64) AppleWebKit/537.36 (KHTML, like Gecko) HeadlessChrome/76.0.3809.100 Safari/537.36"
fenix.geolynx.com.ar:443 205.169.39.4 - - [29/Nov/2020:01:49:11 +0000] "GET /static/media/roboto-latin-100italic.f8b1df51.woff2?__WB_REVISION__=f8b1df51ba843179fa1cc9b53d58127a HTTP/1.1" 200 17336 "https://fenix.geolynx.com.ar/service-worker.js" "Mozilla/5.0 (X11; Linux x86_64) AppleWebKit/537.36 (KHTML, like Gecko) HeadlessChrome/76.0.3809.100 Safari/537.36"
fenix.geolynx.com.ar:443 205.169.39.54 - - [29/Nov/2020:01:49:11 +0000] "GET /index.html?__WB_REVISION__=26c350fa5942b8aeed0b1e05599ba09e HTTP/1.1" 200 1842 "https://fenix.geolynx.com.ar/service-worker.js" "Mozilla/5.0 (X11; Linux x86_64) AppleWebKit/537.36 (KHTML, like Gecko) HeadlessChrome/76.0.3809.100 Safari/537.36"
fenix.geolynx.com.ar:443 205.169.39.54 - - [29/Nov/2020:01:49:11 +0000] "GET /static/css/main.44efc054.chunk.css?__WB_REVISION__=adee3c431e6bc3360756 HTTP/1.1" 200 5084 "https://fenix.geolynx.com.ar/service-worker.js" "Mozilla/5.0 (X11; Linux x86_64) AppleWebKit/537.36 (KHTML, like Gecko) HeadlessChrome/76.0.3809.100 Safari/537.36"
fenix.geolynx.com.ar:443 205.169.39.54 - - [29/Nov/2020:01:49:11 +0000] "GET /static/css/2.863b9e4d.chunk.css?__WB_REVISION__=f277383f4800d88951e4 HTTP/1.1" 200 7654 "https://fenix.geolynx.com.ar/service-worker.js" "Mozilla/5.0 (X11; Linux x86_64) AppleWebKit/537.36 (KHTML, like Gecko) HeadlessChrome/76.0.3809.100 Safari/537.36"
fenix.geolynx.com.ar:443 205.169.39.54 - - [29/Nov/2020:01:49:11 +0000] "GET /static/js/2.bd776f9a.chunk.js.LICENSE.txt?__WB_REVISION__=e29f8bb45514da0d96d5bccbfa1c3c36 HTTP/1.1" 200 1495 "https://fenix.geolynx.com.ar/service-worker.js" "Mozilla/5.0 (X11; Linux x86_64) AppleWebKit/537.36 (KHTML, like Gecko) HeadlessChrome/76.0.3809.100 Safari/537.36"
fenix.geolynx.com.ar:443 205.169.39.4 - - [29/Nov/2020:01:49:11 +0000] "GET /static/media/roboto-latin-100italic.f9e8e590.woff?__WB_REVISION__=f9e8e590b4e0f1ff83469bb2a55b8488 HTTP/1.1" 200 22069 "https://fenix.geolynx.com.ar/service-worker.js" "Mozilla/5.0 (X11; Linux x86_64) AppleWebKit/537.36 (KHTML, like Gecko) HeadlessChrome/76.0.3809.100 Safari/537.36"
fenix.geolynx.com.ar:443 205.169.39.4 - - [29/Nov/2020:01:49:11 +0000] "GET /static/media/roboto-latin-300.b00849e0.woff?__WB_REVISION__=b00849e00f4c2331cddd8ffb44a6720b HTTP/1.1" 200 20713 "https://fenix.geolynx.com.ar/service-worker.js" "Mozilla/5.0 (X11; Linux x86_64) AppleWebKit/537.36 (KHTML, like Gecko) HeadlessChrome/76.0.3809.100 Safari/537.36"
fenix.geolynx.com.ar:443 205.169.39.54 - - [29/Nov/2020:01:49:11 +0000] "GET /static/js/runtime-main.dcdf5778.js?__WB_REVISION__=fda38151022a64b31c71 HTTP/1.1" 200 1144 "https://fenix.geolynx.com.ar/service-worker.js" "Mozilla/5.0 (X11; Linux x86_64) AppleWebKit/537.36 (KHTML, like Gecko) HeadlessChrome/76.0.3809.100 Safari/537.36"
fenix.geolynx.com.ar:443 205.169.39.4 - - [29/Nov/2020:01:49:11 +0000] "GET /static/media/roboto-latin-300.ef7c6637.woff2?__WB_REVISION__=ef7c6637c68f269a882e73bcb57a7f6a HTTP/1.1" 200 16090 "https://fenix.geolynx.com.ar/service-worker.js" "Mozilla/5.0 (X11; Linux x86_64) AppleWebKit/537.36 (KHTML, like Gecko) HeadlessChrome/76.0.3809.100 Safari/537.36"
fenix.geolynx.com.ar:443 205.169.39.54 - - [29/Nov/2020:01:49:11 +0000] "GET /static/media/roboto-latin-100.5cb7edfc.woff?__WB_REVISION__=5cb7edfceb233100075dc9a1e12e8da3 HTTP/1.1" 200 20733 "https://fenix.geolynx.com.ar/service-worker.js" "Mozilla/5.0 (X11; Linux x86_64) AppleWebKit/537.36 (KHTML, like Gecko) HeadlessChrome/76.0.3809.100 Safari/537.36"
fenix.geolynx.com.ar:443 205.169.39.54 - - [29/Nov/2020:01:49:11 +0000] "GET /static/media/roboto-latin-100.7370c367.woff2?__WB_REVISION__=7370c3679472e9560965ff48a4399d0b HTTP/1.1" 200 16114 "https://fenix.geolynx.com.ar/service-worker.js" "Mozilla/5.0 (X11; Linux x86_64) AppleWebKit/537.36 (KHTML, like Gecko) HeadlessChrome/76.0.3809.100 Safari/537.36"
fenix.geolynx.com.ar:443 205.169.39.4 - - [29/Nov/2020:01:49:11 +0000] "GET /static/media/roboto-latin-300italic.14286f3b.woff2?__WB_REVISION__=14286f3ba79c6627433572dfa925202e HTTP/1.1" 200 17776 "https://fenix.geolynx.com.ar/service-worker.js" "Mozilla/5.0 (X11; Linux x86_64) AppleWebKit/537.36 (KHTML, like Gecko) HeadlessChrome/76.0.3809.100 Safari/537.36"
fenix.geolynx.com.ar:443 205.169.39.4 - - [29/Nov/2020:01:49:11 +0000] "GET /static/media/roboto-latin-300italic.4df32891.woff?__WB_REVISION__=4df32891a5f2f98a363314f595482e08 HTTP/1.1" 200 22569 "https://fenix.geolynx.com.ar/service-worker.js" "Mozilla/5.0 (X11; Linux x86_64) AppleWebKit/537.36 (KHTML, like Gecko) HeadlessChrome/76.0.3809.100 Safari/537.36"
fenix.geolynx.com.ar:443 205.169.39.54 - - [29/Nov/2020:01:49:11 +0000] "GET /static/media/roboto-latin-100italic.f8b1df51.woff2?__WB_REVISION__=f8b1df51ba843179fa1cc9b53d58127a HTTP/1.1" 200 17336 "https://fenix.geolynx.com.ar/service-worker.js" "Mozilla/5.0 (X11; Linux x86_64) AppleWebKit/537.36 (KHTML, like Gecko) HeadlessChrome/76.0.3809.100 Safari/537.36"
fenix.geolynx.com.ar:443 205.169.39.4 - - [29/Nov/2020:01:49:11 +0000] "GET /static/media/roboto-latin-400.479970ff.woff2?__WB_REVISION__=479970ffb74f2117317f9d24d9e317fe HTTP/1.1" 200 16042 "https://fenix.geolynx.com.ar/service-worker.js" "Mozilla/5.0 (X11; Linux x86_64) AppleWebKit/537.36 (KHTML, like Gecko) HeadlessChrome/76.0.3809.100 Safari/537.36"
fenix.geolynx.com.ar:443 205.169.39.54 - - [29/Nov/2020:01:49:11 +0000] "GET /static/media/roboto-latin-100italic.f9e8e590.woff?__WB_REVISION__=f9e8e590b4e0f1ff83469bb2a55b8488 HTTP/1.1" 200 22069 "https://fenix.geolynx.com.ar/service-worker.js" "Mozilla/5.0 (X11; Linux x86_64) AppleWebKit/537.36 (KHTML, like Gecko) HeadlessChrome/76.0.3809.100 Safari/537.36"
fenix.geolynx.com.ar:443 205.169.39.54 - - [29/Nov/2020:01:49:11 +0000] "GET /static/media/roboto-latin-300.b00849e0.woff?__WB_REVISION__=b00849e00f4c2331cddd8ffb44a6720b HTTP/1.1" 200 20713 "https://fenix.geolynx.com.ar/service-worker.js" "Mozilla/5.0 (X11; Linux x86_64) AppleWebKit/537.36 (KHTML, like Gecko) HeadlessChrome/76.0.3809.100 Safari/537.36"
fenix.geolynx.com.ar:443 205.169.39.4 - - [29/Nov/2020:01:49:11 +0000] "GET /static/media/roboto-latin-400.60fa3c06.woff?__WB_REVISION__=60fa3c0614b8fb2f394fa29944c21540 HTTP/1.1" 200 20633 "https://fenix.geolynx.com.ar/service-worker.js" "Mozilla/5.0 (X11; Linux x86_64) AppleWebKit/537.36 (KHTML, like Gecko) HeadlessChrome/76.0.3809.100 Safari/537.36"
fenix.geolynx.com.ar:443 205.169.39.4 - - [29/Nov/2020:01:49:11 +0000] "GET /static/media/roboto-latin-400italic.51521a2a.woff2?__WB_REVISION__=51521a2a8da71e50d871ac6fd2187e87 HTTP/1.1" 200 17652 "https://fenix.geolynx.com.ar/service-worker.js" "Mozilla/5.0 (X11; Linux x86_64) AppleWebKit/537.36 (KHTML, like Gecko) HeadlessChrome/76.0.3809.100 Safari/537.36"
fenix.geolynx.com.ar:443 205.169.39.4 - - [29/Nov/2020:01:49:11 +0000] "GET /static/media/roboto-latin-400italic.fe65b833.woff?__WB_REVISION__=fe65b8335ee19dd944289f9ed3178c78 HTTP/1.1" 200 22317 "https://fenix.geolynx.com.ar/service-worker.js" "Mozilla/5.0 (X11; Linux x86_64) AppleWebKit/537.36 (KHTML, like Gecko) HeadlessChrome/76.0.3809.100 Safari/537.36"
fenix.geolynx.com.ar:443 205.169.39.4 - - [29/Nov/2020:01:49:11 +0000] "GET /static/js/main.c09e1120.chunk.js?__WB_REVISION__=adee3c431e6bc3360756 HTTP/1.1" 200 229781 "https://fenix.geolynx.com.ar/service-worker.js" "Mozilla/5.0 (X11; Linux x86_64) AppleWebKit/537.36 (KHTML, like Gecko) HeadlessChrome/76.0.3809.100 Safari/537.36"
